Multiple
demBig_Post_Files\demBig_0.01.post.msh
demBig_Post_Files\demBig_0.01.post.res
demBig_Post_Files\demBig_0.02.post.msh
demBig_Post_Files\demBig_0.02.post.res
demBig_Post_Files\demBig_0.03.post.msh
demBig_Post_Files\demBig_0.03.post.res
demBig_Post_Files\demBig_0.04.post.msh
demBig_Post_Files\demBig_0.04.post.res
demBig_Post_Files\demBig_0.05.post.msh
demBig_Post_Files\demBig_0.05.post.res
demBig_Post_Files\demBig_0.06.post.msh
demBig_Post_Files\demBig_0.06.post.res
demBig_Post_Files\demBig_0.07.post.msh
demBig_Post_Files\demBig_0.07.post.res
demBig_Post_Files\demBig_0.08.post.msh
demBig_Post_Files\demBig_0.08.post.res
demBig_Post_Files\demBig_0.09.post.msh
demBig_Post_Files\demBig_0.09.post.res
demBig_Post_Files\demBig_0.1.post.msh
demBig_Post_Files\demBig_0.1.post.res
demBig_Post_Files\demBig_0.11.post.msh
demBig_Post_Files\demBig_0.11.post.res
demBig_Post_Files\demBig_0.12.post.msh
demBig_Post_Files\demBig_0.12.post.res
demBig_Post_Files\demBig_0.13.post.msh
demBig_Post_Files\demBig_0.13.post.res
demBig_Post_Files\demBig_0.14.post.msh
demBig_Post_Files\demBig_0.14.post.res
demBig_Post_Files\demBig_0.15.post.msh
demBig_Post_Files\demBig_0.15.post.res
demBig_Post_Files\demBig_0.16.post.msh
demBig_Post_Files\demBig_0.16.post.res
demBig_Post_Files\demBig_0.17.post.msh
demBig_Post_Files\demBig_0.17.post.res
demBig_Post_Files\demBig_0.18.post.msh
demBig_Post_Files\demBig_0.18.post.res
demBig_Post_Files\demBig_0.19.post.msh
demBig_Post_Files\demBig_0.19.post.res
demBig_Post_Files\demBig_0.2.post.msh
demBig_Post_Files\demBig_0.2.post.res
demBig_Post_Files\demBig_0.21.post.msh
demBig_Post_Files\demBig_0.21.post.res
demBig_Post_Files\demBig_0.22.post.msh
demBig_Post_Files\demBig_0.22.post.res
demBig_Post_Files\demBig_0.23.post.msh
demBig_Post_Files\demBig_0.23.post.res
demBig_Post_Files\demBig_0.24.post.msh
demBig_Post_Files\demBig_0.24.post.res
demBig_Post_Files\demBig_0.25.post.msh
demBig_Post_Files\demBig_0.25.post.res
demBig_Post_Files\demBig_0.26.post.msh
demBig_Post_Files\demBig_0.26.post.res
demBig_Post_Files\demBig_0.27.post.msh
demBig_Post_Files\demBig_0.27.post.res
demBig_Post_Files\demBig_0.28.post.msh
demBig_Post_Files\demBig_0.28.post.res
demBig_Post_Files\demBig_0.29.post.msh
demBig_Post_Files\demBig_0.29.post.res
demBig_Post_Files\demBig_0.3.post.msh
demBig_Post_Files\demBig_0.3.post.res
demBig_Post_Files\demBig_0.31.post.msh
demBig_Post_Files\demBig_0.31.post.res
demBig_Post_Files\demBig_0.32.post.msh
demBig_Post_Files\demBig_0.32.post.res
demBig_Post_Files\demBig_0.33.post.msh
demBig_Post_Files\demBig_0.33.post.res
demBig_Post_Files\demBig_0.34.post.msh
demBig_Post_Files\demBig_0.34.post.res
demBig_Post_Files\demBig_0.35.post.msh
demBig_Post_Files\demBig_0.35.post.res
demBig_Post_Files\demBig_0.36.post.msh
demBig_Post_Files\demBig_0.36.post.res
demBig_Post_Files\demBig_0.37.post.msh
demBig_Post_Files\demBig_0.37.post.res
demBig_Post_Files\demBig_0.38.post.msh
demBig_Post_Files\demBig_0.38.post.res
demBig_Post_Files\demBig_0.39.post.msh
demBig_Post_Files\demBig_0.39.post.res
demBig_Post_Files\demBig_0.4.post.msh
demBig_Post_Files\demBig_0.4.post.res
demBig_Post_Files\demBig_0.41.post.msh
demBig_Post_Files\demBig_0.41.post.res
demBig_Post_Files\demBig_0.42.post.msh
demBig_Post_Files\demBig_0.42.post.res
demBig_Post_Files\demBig_0.43.post.msh
demBig_Post_Files\demBig_0.43.post.res
demBig_Post_Files\demBig_0.44.post.msh
demBig_Post_Files\demBig_0.44.post.res
demBig_Post_Files\demBig_0.45.post.msh
demBig_Post_Files\demBig_0.45.post.res
demBig_Post_Files\demBig_0.46.post.msh
demBig_Post_Files\demBig_0.46.post.res
demBig_Post_Files\demBig_0.47.post.msh
demBig_Post_Files\demBig_0.47.post.res
demBig_Post_Files\demBig_0.48.post.msh
demBig_Post_Files\demBig_0.48.post.res
demBig_Post_Files\demBig_0.49.post.msh
demBig_Post_Files\demBig_0.49.post.res
demBig_Post_Files\demBig_0.5.post.msh
demBig_Post_Files\demBig_0.5.post.res
demBig_Post_Files\demBig_0.51.post.msh
demBig_Post_Files\demBig_0.51.post.res
demBig_Post_Files\demBig_0.52.post.msh
demBig_Post_Files\demBig_0.52.post.res
demBig_Post_Files\demBig_0.53.post.msh
demBig_Post_Files\demBig_0.53.post.res
demBig_Post_Files\demBig_0.54.post.msh
demBig_Post_Files\demBig_0.54.post.res
demBig_Post_Files\demBig_0.55.post.msh
demBig_Post_Files\demBig_0.55.post.res
demBig_Post_Files\demBig_0.56.post.msh
demBig_Post_Files\demBig_0.56.post.res
demBig_Post_Files\demBig_0.57.post.msh
demBig_Post_Files\demBig_0.57.post.res
demBig_Post_Files\demBig_0.58.post.msh
demBig_Post_Files\demBig_0.58.post.res
demBig_Post_Files\demBig_0.59.post.msh
demBig_Post_Files\demBig_0.59.post.res
demBig_Post_Files\demBig_0.6.post.msh
demBig_Post_Files\demBig_0.6.post.res
demBig_Post_Files\demBig_0.61.post.msh
demBig_Post_Files\demBig_0.61.post.res
demBig_Post_Files\demBig_0.62.post.msh
demBig_Post_Files\demBig_0.62.post.res
demBig_Post_Files\demBig_0.63.post.msh
demBig_Post_Files\demBig_0.63.post.res
demBig_Post_Files\demBig_0.64.post.msh
demBig_Post_Files\demBig_0.64.post.res
demBig_Post_Files\demBig_0.65.post.msh
demBig_Post_Files\demBig_0.65.post.res
demBig_Post_Files\demBig_0.66.post.msh
demBig_Post_Files\demBig_0.66.post.res
demBig_Post_Files\demBig_0.67.post.msh
demBig_Post_Files\demBig_0.67.post.res
demBig_Post_Files\demBig_0.68.post.msh
demBig_Post_Files\demBig_0.68.post.res
demBig_Post_Files\demBig_0.69.post.msh
demBig_Post_Files\demBig_0.69.post.res
demBig_Post_Files\demBig_0.7.post.msh
demBig_Post_Files\demBig_0.7.post.res
demBig_Post_Files\demBig_0.71.post.msh
demBig_Post_Files\demBig_0.71.post.res
demBig_Post_Files\demBig_0.72.post.msh
demBig_Post_Files\demBig_0.72.post.res
demBig_Post_Files\demBig_0.73.post.msh
demBig_Post_Files\demBig_0.73.post.res
demBig_Post_Files\demBig_0.74.post.msh
demBig_Post_Files\demBig_0.74.post.res
demBig_Post_Files\demBig_0.75.post.msh
demBig_Post_Files\demBig_0.75.post.res
demBig_Post_Files\demBig_0.76.post.msh
demBig_Post_Files\demBig_0.76.post.res
demBig_Post_Files\demBig_0.77.post.msh
demBig_Post_Files\demBig_0.77.post.res
demBig_Post_Files\demBig_0.78.post.msh
demBig_Post_Files\demBig_0.78.post.res
demBig_Post_Files\demBig_0.79.post.msh
demBig_Post_Files\demBig_0.79.post.res
demBig_Post_Files\demBig_0.8.post.msh
demBig_Post_Files\demBig_0.8.post.res
demBig_Post_Files\demBig_0.81.post.msh
demBig_Post_Files\demBig_0.81.post.res
demBig_Post_Files\demBig_0.82.post.msh
demBig_Post_Files\demBig_0.82.post.res
demBig_Post_Files\demBig_0.83.post.msh
demBig_Post_Files\demBig_0.83.post.res
demBig_Post_Files\demBig_0.84.post.msh
demBig_Post_Files\demBig_0.84.post.res
demBig_Post_Files\demBig_0.85.post.msh
demBig_Post_Files\demBig_0.85.post.res
demBig_Post_Files\demBig_0.86.post.msh
demBig_Post_Files\demBig_0.86.post.res
demBig_Post_Files\demBig_0.87.post.msh
demBig_Post_Files\demBig_0.87.post.res
demBig_Post_Files\demBig_0.88.post.msh
demBig_Post_Files\demBig_0.88.post.res
demBig_Post_Files\demBig_0.89.post.msh
demBig_Post_Files\demBig_0.89.post.res
demBig_Post_Files\demBig_0.9.post.msh
demBig_Post_Files\demBig_0.9.post.res
demBig_Post_Files\demBig_0.91.post.msh
demBig_Post_Files\demBig_0.91.post.res
demBig_Post_Files\demBig_0.92.post.msh
demBig_Post_Files\demBig_0.92.post.res
demBig_Post_Files\demBig_0.93.post.msh
demBig_Post_Files\demBig_0.93.post.res
demBig_Post_Files\demBig_0.94.post.msh
demBig_Post_Files\demBig_0.94.post.res
demBig_Post_Files\demBig_0.95.post.msh
demBig_Post_Files\demBig_0.95.post.res
demBig_Post_Files\demBig_0.96.post.msh
demBig_Post_Files\demBig_0.96.post.res
demBig_Post_Files\demBig_0.97.post.msh
demBig_Post_Files\demBig_0.97.post.res
demBig_Post_Files\demBig_0.98.post.msh
demBig_Post_Files\demBig_0.98.post.res
demBig_Post_Files\demBig_0.99.post.msh
demBig_Post_Files\demBig_0.99.post.res
demBig_Post_Files\demBig_1.post.msh
demBig_Post_Files\demBig_1.post.res
demBig_Post_Files\demBig_1.01.post.msh
demBig_Post_Files\demBig_1.01.post.res
demBig_Post_Files\demBig_1.02.post.msh
demBig_Post_Files\demBig_1.02.post.res
demBig_Post_Files\demBig_1.03.post.msh
demBig_Post_Files\demBig_1.03.post.res
demBig_Post_Files\demBig_1.04.post.msh
demBig_Post_Files\demBig_1.04.post.res
demBig_Post_Files\demBig_1.05.post.msh
demBig_Post_Files\demBig_1.05.post.res
demBig_Post_Files\demBig_1.06.post.msh
demBig_Post_Files\demBig_1.06.post.res
demBig_Post_Files\demBig_1.07.post.msh
demBig_Post_Files\demBig_1.07.post.res
demBig_Post_Files\demBig_1.08.post.msh
demBig_Post_Files\demBig_1.08.post.res
demBig_Post_Files\demBig_1.09.post.msh
demBig_Post_Files\demBig_1.09.post.res
demBig_Post_Files\demBig_1.1.post.msh
demBig_Post_Files\demBig_1.1.post.res
demBig_Post_Files\demBig_1.11.post.msh
demBig_Post_Files\demBig_1.11.post.res
demBig_Post_Files\demBig_1.12.post.msh
demBig_Post_Files\demBig_1.12.post.res
demBig_Post_Files\demBig_1.13.post.msh
demBig_Post_Files\demBig_1.13.post.res
demBig_Post_Files\demBig_1.14.post.msh
demBig_Post_Files\demBig_1.14.post.res
demBig_Post_Files\demBig_1.15.post.msh
demBig_Post_Files\demBig_1.15.post.res
demBig_Post_Files\demBig_1.16.post.msh
demBig_Post_Files\demBig_1.16.post.res
demBig_Post_Files\demBig_1.17.post.msh
demBig_Post_Files\demBig_1.17.post.res
demBig_Post_Files\demBig_1.18.post.msh
demBig_Post_Files\demBig_1.18.post.res
demBig_Post_Files\demBig_1.19.post.msh
demBig_Post_Files\demBig_1.19.post.res
demBig_Post_Files\demBig_1.2.post.msh
demBig_Post_Files\demBig_1.2.post.res
demBig_Post_Files\demBig_1.21.post.msh
demBig_Post_Files\demBig_1.21.post.res
demBig_Post_Files\demBig_1.22.post.msh
demBig_Post_Files\demBig_1.22.post.res
demBig_Post_Files\demBig_1.23.post.msh
demBig_Post_Files\demBig_1.23.post.res
demBig_Post_Files\demBig_1.24.post.msh
demBig_Post_Files\demBig_1.24.post.res
demBig_Post_Files\demBig_1.25.post.msh
demBig_Post_Files\demBig_1.25.post.res
demBig_Post_Files\demBig_1.26.post.msh
demBig_Post_Files\demBig_1.26.post.res
demBig_Post_Files\demBig_1.27.post.msh
demBig_Post_Files\demBig_1.27.post.res
demBig_Post_Files\demBig_1.28.post.msh
demBig_Post_Files\demBig_1.28.post.res
demBig_Post_Files\demBig_1.29.post.msh
demBig_Post_Files\demBig_1.29.post.res
demBig_Post_Files\demBig_1.3.post.msh
demBig_Post_Files\demBig_1.3.post.res
demBig_Post_Files\demBig_1.31.post.msh
demBig_Post_Files\demBig_1.31.post.res
demBig_Post_Files\demBig_1.32.post.msh
demBig_Post_Files\demBig_1.32.post.res
demBig_Post_Files\demBig_1.33.post.msh
demBig_Post_Files\demBig_1.33.post.res
demBig_Post_Files\demBig_1.34.post.msh
demBig_Post_Files\demBig_1.34.post.res
demBig_Post_Files\demBig_1.35.post.msh
demBig_Post_Files\demBig_1.35.post.res
demBig_Post_Files\demBig_1.36.post.msh
demBig_Post_Files\demBig_1.36.post.res
demBig_Post_Files\demBig_1.37.post.msh
demBig_Post_Files\demBig_1.37.post.res
demBig_Post_Files\demBig_1.38.post.msh
demBig_Post_Files\demBig_1.38.post.res
demBig_Post_Files\demBig_1.39.post.msh
demBig_Post_Files\demBig_1.39.post.res
demBig_Post_Files\demBig_1.4.post.msh
demBig_Post_Files\demBig_1.4.post.res
demBig_Post_Files\demBig_1.41.post.msh
demBig_Post_Files\demBig_1.41.post.res
demBig_Post_Files\demBig_1.42.post.msh
demBig_Post_Files\demBig_1.42.post.res
demBig_Post_Files\demBig_1.43.post.msh
demBig_Post_Files\demBig_1.43.post.res
demBig_Post_Files\demBig_1.44.post.msh
demBig_Post_Files\demBig_1.44.post.res
demBig_Post_Files\demBig_1.45.post.msh
demBig_Post_Files\demBig_1.45.post.res
demBig_Post_Files\demBig_1.46.post.msh
demBig_Post_Files\demBig_1.46.post.res
demBig_Post_Files\demBig_1.47.post.msh
demBig_Post_Files\demBig_1.47.post.res
demBig_Post_Files\demBig_1.48.post.msh
demBig_Post_Files\demBig_1.48.post.res
demBig_Post_Files\demBig_1.49.post.msh
demBig_Post_Files\demBig_1.49.post.res
demBig_Post_Files\demBig_1.5.post.msh
demBig_Post_Files\demBig_1.5.post.res
demBig_Post_Files\demBig_1.51.post.msh
demBig_Post_Files\demBig_1.51.post.res
demBig_Post_Files\demBig_1.52.post.msh
demBig_Post_Files\demBig_1.52.post.res
demBig_Post_Files\demBig_1.53.post.msh
demBig_Post_Files\demBig_1.53.post.res
demBig_Post_Files\demBig_1.54.post.msh
demBig_Post_Files\demBig_1.54.post.res
demBig_Post_Files\demBig_1.55.post.msh
demBig_Post_Files\demBig_1.55.post.res
demBig_Post_Files\demBig_1.56.post.msh
demBig_Post_Files\demBig_1.56.post.res
demBig_Post_Files\demBig_1.57.post.msh
demBig_Post_Files\demBig_1.57.post.res
demBig_Post_Files\demBig_1.58.post.msh
demBig_Post_Files\demBig_1.58.post.res
demBig_Post_Files\demBig_1.59.post.msh
demBig_Post_Files\demBig_1.59.post.res
demBig_Post_Files\demBig_1.6.post.msh
demBig_Post_Files\demBig_1.6.post.res
demBig_Post_Files\demBig_1.61.post.msh
demBig_Post_Files\demBig_1.61.post.res
demBig_Post_Files\demBig_1.62.post.msh
demBig_Post_Files\demBig_1.62.post.res
demBig_Post_Files\demBig_1.63.post.msh
demBig_Post_Files\demBig_1.63.post.res
demBig_Post_Files\demBig_1.64.post.msh
demBig_Post_Files\demBig_1.64.post.res
demBig_Post_Files\demBig_1.65.post.msh
demBig_Post_Files\demBig_1.65.post.res
demBig_Post_Files\demBig_1.66.post.msh
demBig_Post_Files\demBig_1.66.post.res
demBig_Post_Files\demBig_1.67.post.msh
demBig_Post_Files\demBig_1.67.post.res
demBig_Post_Files\demBig_1.68.post.msh
demBig_Post_Files\demBig_1.68.post.res
demBig_Post_Files\demBig_1.69.post.msh
demBig_Post_Files\demBig_1.69.post.res
demBig_Post_Files\demBig_1.7.post.msh
demBig_Post_Files\demBig_1.7.post.res
demBig_Post_Files\demBig_1.71.post.msh
demBig_Post_Files\demBig_1.71.post.res
demBig_Post_Files\demBig_1.72.post.msh
demBig_Post_Files\demBig_1.72.post.res
demBig_Post_Files\demBig_1.73.post.msh
demBig_Post_Files\demBig_1.73.post.res
demBig_Post_Files\demBig_1.74.post.msh
demBig_Post_Files\demBig_1.74.post.res
demBig_Post_Files\demBig_1.75.post.msh
demBig_Post_Files\demBig_1.75.post.res
demBig_Post_Files\demBig_1.76.post.msh
demBig_Post_Files\demBig_1.76.post.res
demBig_Post_Files\demBig_1.77.post.msh
demBig_Post_Files\demBig_1.77.post.res
demBig_Post_Files\demBig_1.78.post.msh
demBig_Post_Files\demBig_1.78.post.res
demBig_Post_Files\demBig_1.79.post.msh
demBig_Post_Files\demBig_1.79.post.res
demBig_Post_Files\demBig_1.8.post.msh
demBig_Post_Files\demBig_1.8.post.res
demBig_Post_Files\demBig_1.81.post.msh
demBig_Post_Files\demBig_1.81.post.res
demBig_Post_Files\demBig_1.82.post.msh
demBig_Post_Files\demBig_1.82.post.res
demBig_Post_Files\demBig_1.83.post.msh
demBig_Post_Files\demBig_1.83.post.res
demBig_Post_Files\demBig_1.84.post.msh
demBig_Post_Files\demBig_1.84.post.res
demBig_Post_Files\demBig_1.85.post.msh
demBig_Post_Files\demBig_1.85.post.res
demBig_Post_Files\demBig_1.86.post.msh
demBig_Post_Files\demBig_1.86.post.res
demBig_Post_Files\demBig_1.87.post.msh
demBig_Post_Files\demBig_1.87.post.res
demBig_Post_Files\demBig_1.88.post.msh
demBig_Post_Files\demBig_1.88.post.res
demBig_Post_Files\demBig_1.89.post.msh
demBig_Post_Files\demBig_1.89.post.res
demBig_Post_Files\demBig_1.9.post.msh
demBig_Post_Files\demBig_1.9.post.res
demBig_Post_Files\demBig_1.91.post.msh
demBig_Post_Files\demBig_1.91.post.res
demBig_Post_Files\demBig_1.92.post.msh
demBig_Post_Files\demBig_1.92.post.res
demBig_Post_Files\demBig_1.93.post.msh
demBig_Post_Files\demBig_1.93.post.res
demBig_Post_Files\demBig_1.94.post.msh
demBig_Post_Files\demBig_1.94.post.res
demBig_Post_Files\demBig_1.95.post.msh
demBig_Post_Files\demBig_1.95.post.res
demBig_Post_Files\demBig_1.96.post.msh
demBig_Post_Files\demBig_1.96.post.res
demBig_Post_Files\demBig_1.97.post.msh
demBig_Post_Files\demBig_1.97.post.res
demBig_Post_Files\demBig_1.98.post.msh
demBig_Post_Files\demBig_1.98.post.res
demBig_Post_Files\demBig_1.99.post.msh
demBig_Post_Files\demBig_1.99.post.res
demBig_Post_Files\demBig_2.post.msh
demBig_Post_Files\demBig_2.post.res
demBig_Post_Files\demBig_2.01.post.msh
demBig_Post_Files\demBig_2.01.post.res
demBig_Post_Files\demBig_2.02.post.msh
demBig_Post_Files\demBig_2.02.post.res
demBig_Post_Files\demBig_2.03.post.msh
demBig_Post_Files\demBig_2.03.post.res
demBig_Post_Files\demBig_2.04.post.msh
demBig_Post_Files\demBig_2.04.post.res
demBig_Post_Files\demBig_2.05.post.msh
demBig_Post_Files\demBig_2.05.post.res
demBig_Post_Files\demBig_2.06.post.msh
demBig_Post_Files\demBig_2.06.post.res
demBig_Post_Files\demBig_2.07.post.msh
demBig_Post_Files\demBig_2.07.post.res
demBig_Post_Files\demBig_2.08.post.msh
demBig_Post_Files\demBig_2.08.post.res
demBig_Post_Files\demBig_2.09.post.msh
demBig_Post_Files\demBig_2.09.post.res
demBig_Post_Files\demBig_2.1.post.msh
demBig_Post_Files\demBig_2.1.post.res
demBig_Post_Files\demBig_2.11.post.msh
demBig_Post_Files\demBig_2.11.post.res
demBig_Post_Files\demBig_2.12.post.msh
demBig_Post_Files\demBig_2.12.post.res
demBig_Post_Files\demBig_2.13.post.msh
demBig_Post_Files\demBig_2.13.post.res
demBig_Post_Files\demBig_2.14.post.msh
demBig_Post_Files\demBig_2.14.post.res
demBig_Post_Files\demBig_2.15.post.msh
demBig_Post_Files\demBig_2.15.post.res
demBig_Post_Files\demBig_2.16.post.msh
demBig_Post_Files\demBig_2.16.post.res
demBig_Post_Files\demBig_2.17.post.msh
demBig_Post_Files\demBig_2.17.post.res
demBig_Post_Files\demBig_2.18.post.msh
demBig_Post_Files\demBig_2.18.post.res
demBig_Post_Files\demBig_2.19.post.msh
demBig_Post_Files\demBig_2.19.post.res
demBig_Post_Files\demBig_2.2.post.msh
demBig_Post_Files\demBig_2.2.post.res
demBig_Post_Files\demBig_2.21.post.msh
demBig_Post_Files\demBig_2.21.post.res
demBig_Post_Files\demBig_2.22.post.msh
demBig_Post_Files\demBig_2.22.post.res
demBig_Post_Files\demBig_2.23.post.msh
demBig_Post_Files\demBig_2.23.post.res
demBig_Post_Files\demBig_2.24.post.msh
demBig_Post_Files\demBig_2.24.post.res
demBig_Post_Files\demBig_2.25.post.msh
demBig_Post_Files\demBig_2.25.post.res
demBig_Post_Files\demBig_2.26.post.msh
demBig_Post_Files\demBig_2.26.post.res
demBig_Post_Files\demBig_2.27.post.msh
demBig_Post_Files\demBig_2.27.post.res
demBig_Post_Files\demBig_2.28.post.msh
demBig_Post_Files\demBig_2.28.post.res
demBig_Post_Files\demBig_2.29.post.msh
demBig_Post_Files\demBig_2.29.post.res
demBig_Post_Files\demBig_2.3.post.msh
demBig_Post_Files\demBig_2.3.post.res
demBig_Post_Files\demBig_2.31.post.msh
demBig_Post_Files\demBig_2.31.post.res
demBig_Post_Files\demBig_2.32.post.msh
demBig_Post_Files\demBig_2.32.post.res
demBig_Post_Files\demBig_2.33.post.msh
demBig_Post_Files\demBig_2.33.post.res
demBig_Post_Files\demBig_2.34.post.msh
demBig_Post_Files\demBig_2.34.post.res
demBig_Post_Files\demBig_2.35.post.msh
demBig_Post_Files\demBig_2.35.post.res
demBig_Post_Files\demBig_2.36.post.msh
demBig_Post_Files\demBig_2.36.post.res
demBig_Post_Files\demBig_2.37.post.msh
demBig_Post_Files\demBig_2.37.post.res
demBig_Post_Files\demBig_2.38.post.msh
demBig_Post_Files\demBig_2.38.post.res
demBig_Post_Files\demBig_2.39.post.msh
demBig_Post_Files\demBig_2.39.post.res
demBig_Post_Files\demBig_2.4.post.msh
demBig_Post_Files\demBig_2.4.post.res
demBig_Post_Files\demBig_2.41.post.msh
demBig_Post_Files\demBig_2.41.post.res
demBig_Post_Files\demBig_2.42.post.msh
demBig_Post_Files\demBig_2.42.post.res
demBig_Post_Files\demBig_2.43.post.msh
demBig_Post_Files\demBig_2.43.post.res
demBig_Post_Files\demBig_2.44.post.msh
demBig_Post_Files\demBig_2.44.post.res
demBig_Post_Files\demBig_2.45.post.msh
demBig_Post_Files\demBig_2.45.post.res
demBig_Post_Files\demBig_2.46.post.msh
demBig_Post_Files\demBig_2.46.post.res
demBig_Post_Files\demBig_2.47.post.msh
demBig_Post_Files\demBig_2.47.post.res
demBig_Post_Files\demBig_2.48.post.msh
demBig_Post_Files\demBig_2.48.post.res
demBig_Post_Files\demBig_2.49.post.msh
demBig_Post_Files\demBig_2.49.post.res
demBig_Post_Files\demBig_2.5.post.msh
demBig_Post_Files\demBig_2.5.post.res
demBig_Post_Files\demBig_2.51.post.msh
demBig_Post_Files\demBig_2.51.post.res
demBig_Post_Files\demBig_2.52.post.msh
demBig_Post_Files\demBig_2.52.post.res
demBig_Post_Files\demBig_2.53.post.msh
demBig_Post_Files\demBig_2.53.post.res
demBig_Post_Files\demBig_2.54.post.msh
demBig_Post_Files\demBig_2.54.post.res
demBig_Post_Files\demBig_2.55.post.msh
demBig_Post_Files\demBig_2.55.post.res
demBig_Post_Files\demBig_2.56.post.msh
demBig_Post_Files\demBig_2.56.post.res
demBig_Post_Files\demBig_2.57.post.msh
demBig_Post_Files\demBig_2.57.post.res
demBig_Post_Files\demBig_2.58.post.msh
demBig_Post_Files\demBig_2.58.post.res
demBig_Post_Files\demBig_2.59.post.msh
demBig_Post_Files\demBig_2.59.post.res
demBig_Post_Files\demBig_2.6.post.msh
demBig_Post_Files\demBig_2.6.post.res
demBig_Post_Files\demBig_2.61.post.msh
demBig_Post_Files\demBig_2.61.post.res
demBig_Post_Files\demBig_2.62.post.msh
demBig_Post_Files\demBig_2.62.post.res
demBig_Post_Files\demBig_2.63.post.msh
demBig_Post_Files\demBig_2.63.post.res
demBig_Post_Files\demBig_2.64.post.msh
demBig_Post_Files\demBig_2.64.post.res
demBig_Post_Files\demBig_2.65.post.msh
demBig_Post_Files\demBig_2.65.post.res
demBig_Post_Files\demBig_2.66.post.msh
demBig_Post_Files\demBig_2.66.post.res
demBig_Post_Files\demBig_2.67.post.msh
demBig_Post_Files\demBig_2.67.post.res
demBig_Post_Files\demBig_2.68.post.msh
demBig_Post_Files\demBig_2.68.post.res
demBig_Post_Files\demBig_2.69.post.msh
demBig_Post_Files\demBig_2.69.post.res
demBig_Post_Files\demBig_2.7.post.msh
demBig_Post_Files\demBig_2.7.post.res
demBig_Post_Files\demBig_2.71.post.msh
demBig_Post_Files\demBig_2.71.post.res
demBig_Post_Files\demBig_2.72.post.msh
demBig_Post_Files\demBig_2.72.post.res
demBig_Post_Files\demBig_2.73.post.msh
demBig_Post_Files\demBig_2.73.post.res
demBig_Post_Files\demBig_2.74.post.msh
demBig_Post_Files\demBig_2.74.post.res
demBig_Post_Files\demBig_2.75.post.msh
demBig_Post_Files\demBig_2.75.post.res
demBig_Post_Files\demBig_2.76.post.msh
demBig_Post_Files\demBig_2.76.post.res
demBig_Post_Files\demBig_2.77.post.msh
demBig_Post_Files\demBig_2.77.post.res
demBig_Post_Files\demBig_2.78.post.msh
demBig_Post_Files\demBig_2.78.post.res
demBig_Post_Files\demBig_2.79.post.msh
demBig_Post_Files\demBig_2.79.post.res
demBig_Post_Files\demBig_2.8.post.msh
demBig_Post_Files\demBig_2.8.post.res
demBig_Post_Files\demBig_2.81.post.msh
demBig_Post_Files\demBig_2.81.post.res
demBig_Post_Files\demBig_2.82.post.msh
demBig_Post_Files\demBig_2.82.post.res
demBig_Post_Files\demBig_2.83.post.msh
demBig_Post_Files\demBig_2.83.post.res
demBig_Post_Files\demBig_2.84.post.msh
demBig_Post_Files\demBig_2.84.post.res
demBig_Post_Files\demBig_2.85.post.msh
demBig_Post_Files\demBig_2.85.post.res
demBig_Post_Files\demBig_2.86.post.msh
demBig_Post_Files\demBig_2.86.post.res
demBig_Post_Files\demBig_2.87.post.msh
demBig_Post_Files\demBig_2.87.post.res
demBig_Post_Files\demBig_2.88.post.msh
demBig_Post_Files\demBig_2.88.post.res
demBig_Post_Files\demBig_2.89.post.msh
demBig_Post_Files\demBig_2.89.post.res
demBig_Post_Files\demBig_2.9.post.msh
demBig_Post_Files\demBig_2.9.post.res
demBig_Post_Files\demBig_2.91.post.msh
demBig_Post_Files\demBig_2.91.post.res
demBig_Post_Files\demBig_2.92.post.msh
demBig_Post_Files\demBig_2.92.post.res
demBig_Post_Files\demBig_2.93.post.msh
demBig_Post_Files\demBig_2.93.post.res
demBig_Post_Files\demBig_2.94.post.msh
demBig_Post_Files\demBig_2.94.post.res
demBig_Post_Files\demBig_2.95.post.msh
demBig_Post_Files\demBig_2.95.post.res
demBig_Post_Files\demBig_2.96.post.msh
demBig_Post_Files\demBig_2.96.post.res
demBig_Post_Files\demBig_2.97.post.msh
demBig_Post_Files\demBig_2.97.post.res
demBig_Post_Files\demBig_2.98.post.msh
demBig_Post_Files\demBig_2.98.post.res
demBig_Post_Files\demBig_2.99.post.msh
demBig_Post_Files\demBig_2.99.post.res
demBig_Post_Files\demBig_3.post.msh
demBig_Post_Files\demBig_3.post.res
demBig_Post_Files\demBig_3.01.post.msh
demBig_Post_Files\demBig_3.01.post.res
demBig_Post_Files\demBig_3.02.post.msh
demBig_Post_Files\demBig_3.02.post.res
demBig_Post_Files\demBig_3.03.post.msh
demBig_Post_Files\demBig_3.03.post.res
demBig_Post_Files\demBig_3.04.post.msh
demBig_Post_Files\demBig_3.04.post.res
demBig_Post_Files\demBig_3.05.post.msh
demBig_Post_Files\demBig_3.05.post.res
demBig_Post_Files\demBig_3.06.post.msh
demBig_Post_Files\demBig_3.06.post.res
demBig_Post_Files\demBig_3.07.post.msh
demBig_Post_Files\demBig_3.07.post.res
demBig_Post_Files\demBig_3.08.post.msh
demBig_Post_Files\demBig_3.08.post.res
demBig_Post_Files\demBig_3.09.post.msh
demBig_Post_Files\demBig_3.09.post.res
demBig_Post_Files\demBig_3.1.post.msh
demBig_Post_Files\demBig_3.1.post.res
demBig_Post_Files\demBig_3.11.post.msh
demBig_Post_Files\demBig_3.11.post.res
demBig_Post_Files\demBig_3.12.post.msh
demBig_Post_Files\demBig_3.12.post.res
demBig_Post_Files\demBig_3.13.post.msh
demBig_Post_Files\demBig_3.13.post.res
demBig_Post_Files\demBig_3.14.post.msh
demBig_Post_Files\demBig_3.14.post.res
demBig_Post_Files\demBig_3.15.post.msh
demBig_Post_Files\demBig_3.15.post.res
demBig_Post_Files\demBig_3.16.post.msh
demBig_Post_Files\demBig_3.16.post.res
demBig_Post_Files\demBig_3.17.post.msh
demBig_Post_Files\demBig_3.17.post.res
demBig_Post_Files\demBig_3.18.post.msh
demBig_Post_Files\demBig_3.18.post.res
demBig_Post_Files\demBig_3.19.post.msh
demBig_Post_Files\demBig_3.19.post.res
demBig_Post_Files\demBig_3.2.post.msh
demBig_Post_Files\demBig_3.2.post.res
demBig_Post_Files\demBig_3.21.post.msh
demBig_Post_Files\demBig_3.21.post.res
demBig_Post_Files\demBig_3.22.post.msh
demBig_Post_Files\demBig_3.22.post.res
demBig_Post_Files\demBig_3.23.post.msh
demBig_Post_Files\demBig_3.23.post.res
demBig_Post_Files\demBig_3.24.post.msh
demBig_Post_Files\demBig_3.24.post.res
demBig_Post_Files\demBig_3.25.post.msh
demBig_Post_Files\demBig_3.25.post.res
demBig_Post_Files\demBig_3.26.post.msh
demBig_Post_Files\demBig_3.26.post.res
demBig_Post_Files\demBig_3.27.post.msh
demBig_Post_Files\demBig_3.27.post.res
demBig_Post_Files\demBig_3.28.post.msh
demBig_Post_Files\demBig_3.28.post.res
demBig_Post_Files\demBig_3.29.post.msh
demBig_Post_Files\demBig_3.29.post.res
demBig_Post_Files\demBig_3.3.post.msh
demBig_Post_Files\demBig_3.3.post.res
demBig_Post_Files\demBig_3.31.post.msh
demBig_Post_Files\demBig_3.31.post.res
demBig_Post_Files\demBig_3.32.post.msh
demBig_Post_Files\demBig_3.32.post.res
demBig_Post_Files\demBig_3.33.post.msh
demBig_Post_Files\demBig_3.33.post.res
demBig_Post_Files\demBig_3.34.post.msh
demBig_Post_Files\demBig_3.34.post.res
demBig_Post_Files\demBig_3.35.post.msh
demBig_Post_Files\demBig_3.35.post.res
demBig_Post_Files\demBig_3.36.post.msh
demBig_Post_Files\demBig_3.36.post.res
demBig_Post_Files\demBig_3.37.post.msh
demBig_Post_Files\demBig_3.37.post.res
demBig_Post_Files\demBig_3.38.post.msh
demBig_Post_Files\demBig_3.38.post.res
demBig_Post_Files\demBig_3.39.post.msh
demBig_Post_Files\demBig_3.39.post.res
demBig_Post_Files\demBig_3.4.post.msh
demBig_Post_Files\demBig_3.4.post.res
demBig_Post_Files\demBig_3.41.post.msh
demBig_Post_Files\demBig_3.41.post.res
demBig_Post_Files\demBig_3.42.post.msh
demBig_Post_Files\demBig_3.42.post.res
demBig_Post_Files\demBig_3.43.post.msh
demBig_Post_Files\demBig_3.43.post.res
demBig_Post_Files\demBig_3.44.post.msh
demBig_Post_Files\demBig_3.44.post.res
demBig_Post_Files\demBig_3.45.post.msh
demBig_Post_Files\demBig_3.45.post.res
demBig_Post_Files\demBig_3.46.post.msh
demBig_Post_Files\demBig_3.46.post.res
demBig_Post_Files\demBig_3.47.post.msh
demBig_Post_Files\demBig_3.47.post.res
demBig_Post_Files\demBig_3.48.post.msh
demBig_Post_Files\demBig_3.48.post.res
demBig_Post_Files\demBig_3.49.post.msh
demBig_Post_Files\demBig_3.49.post.res
demBig_Post_Files\demBig_3.5.post.msh
demBig_Post_Files\demBig_3.5.post.res
demBig_Post_Files\demBig_3.51.post.msh
demBig_Post_Files\demBig_3.51.post.res
demBig_Post_Files\demBig_3.52.post.msh
demBig_Post_Files\demBig_3.52.post.res
demBig_Post_Files\demBig_3.53.post.msh
demBig_Post_Files\demBig_3.53.post.res
demBig_Post_Files\demBig_3.54.post.msh
demBig_Post_Files\demBig_3.54.post.res
demBig_Post_Files\demBig_3.55.post.msh
demBig_Post_Files\demBig_3.55.post.res
demBig_Post_Files\demBig_3.56.post.msh
demBig_Post_Files\demBig_3.56.post.res
demBig_Post_Files\demBig_3.57.post.msh
demBig_Post_Files\demBig_3.57.post.res
demBig_Post_Files\demBig_3.58.post.msh
demBig_Post_Files\demBig_3.58.post.res
demBig_Post_Files\demBig_3.59.post.msh
demBig_Post_Files\demBig_3.59.post.res
demBig_Post_Files\demBig_3.6.post.msh
demBig_Post_Files\demBig_3.6.post.res
demBig_Post_Files\demBig_3.61.post.msh
demBig_Post_Files\demBig_3.61.post.res
demBig_Post_Files\demBig_3.62.post.msh
demBig_Post_Files\demBig_3.62.post.res
demBig_Post_Files\demBig_3.63.post.msh
demBig_Post_Files\demBig_3.63.post.res
demBig_Post_Files\demBig_3.64.post.msh
demBig_Post_Files\demBig_3.64.post.res
demBig_Post_Files\demBig_3.65.post.msh
demBig_Post_Files\demBig_3.65.post.res
demBig_Post_Files\demBig_3.66.post.msh
demBig_Post_Files\demBig_3.66.post.res
demBig_Post_Files\demBig_3.67.post.msh
demBig_Post_Files\demBig_3.67.post.res
demBig_Post_Files\demBig_3.68.post.msh
demBig_Post_Files\demBig_3.68.post.res
demBig_Post_Files\demBig_3.69.post.msh
demBig_Post_Files\demBig_3.69.post.res
demBig_Post_Files\demBig_3.7.post.msh
demBig_Post_Files\demBig_3.7.post.res
demBig_Post_Files\demBig_3.71.post.msh
demBig_Post_Files\demBig_3.71.post.res
demBig_Post_Files\demBig_3.72.post.msh
demBig_Post_Files\demBig_3.72.post.res
demBig_Post_Files\demBig_3.73.post.msh
demBig_Post_Files\demBig_3.73.post.res
demBig_Post_Files\demBig_3.74.post.msh
demBig_Post_Files\demBig_3.74.post.res
demBig_Post_Files\demBig_3.75.post.msh
demBig_Post_Files\demBig_3.75.post.res
demBig_Post_Files\demBig_3.76.post.msh
demBig_Post_Files\demBig_3.76.post.res
demBig_Post_Files\demBig_3.77.post.msh
demBig_Post_Files\demBig_3.77.post.res
demBig_Post_Files\demBig_3.78.post.msh
demBig_Post_Files\demBig_3.78.post.res
demBig_Post_Files\demBig_3.79.post.msh
demBig_Post_Files\demBig_3.79.post.res
demBig_Post_Files\demBig_3.8.post.msh
demBig_Post_Files\demBig_3.8.post.res
demBig_Post_Files\demBig_3.81.post.msh
demBig_Post_Files\demBig_3.81.post.res
demBig_Post_Files\demBig_3.82.post.msh
demBig_Post_Files\demBig_3.82.post.res
demBig_Post_Files\demBig_3.83.post.msh
demBig_Post_Files\demBig_3.83.post.res
demBig_Post_Files\demBig_3.84.post.msh
demBig_Post_Files\demBig_3.84.post.res
demBig_Post_Files\demBig_3.85.post.msh
demBig_Post_Files\demBig_3.85.post.res
demBig_Post_Files\demBig_3.86.post.msh
demBig_Post_Files\demBig_3.86.post.res
demBig_Post_Files\demBig_3.87.post.msh
demBig_Post_Files\demBig_3.87.post.res
demBig_Post_Files\demBig_3.88.post.msh
demBig_Post_Files\demBig_3.88.post.res
demBig_Post_Files\demBig_3.89.post.msh
demBig_Post_Files\demBig_3.89.post.res
demBig_Post_Files\demBig_3.9.post.msh
demBig_Post_Files\demBig_3.9.post.res
demBig_Post_Files\demBig_3.91.post.msh
demBig_Post_Files\demBig_3.91.post.res
demBig_Post_Files\demBig_3.92.post.msh
demBig_Post_Files\demBig_3.92.post.res
demBig_Post_Files\demBig_3.93.post.msh
demBig_Post_Files\demBig_3.93.post.res
demBig_Post_Files\demBig_3.94.post.msh
demBig_Post_Files\demBig_3.94.post.res
demBig_Post_Files\demBig_3.95.post.msh
demBig_Post_Files\demBig_3.95.post.res
demBig_Post_Files\demBig_3.96.post.msh
demBig_Post_Files\demBig_3.96.post.res
demBig_Post_Files\demBig_3.97.post.msh
demBig_Post_Files\demBig_3.97.post.res
demBig_Post_Files\demBig_3.98.post.msh
demBig_Post_Files\demBig_3.98.post.res
demBig_Post_Files\demBig_3.99.post.msh
demBig_Post_Files\demBig_3.99.post.res
demBig_Post_Files\demBig_4.post.msh
demBig_Post_Files\demBig_4.post.res
demBig_Post_Files\demBig_4.01.post.msh
demBig_Post_Files\demBig_4.01.post.res
demBig_Post_Files\demBig_4.02.post.msh
demBig_Post_Files\demBig_4.02.post.res
demBig_Post_Files\demBig_4.03.post.msh
demBig_Post_Files\demBig_4.03.post.res
demBig_Post_Files\demBig_4.04.post.msh
demBig_Post_Files\demBig_4.04.post.res
demBig_Post_Files\demBig_4.05.post.msh
demBig_Post_Files\demBig_4.05.post.res
demBig_Post_Files\demBig_4.06.post.msh
demBig_Post_Files\demBig_4.06.post.res
demBig_Post_Files\demBig_4.07.post.msh
demBig_Post_Files\demBig_4.07.post.res
demBig_Post_Files\demBig_4.08.post.msh
demBig_Post_Files\demBig_4.08.post.res
demBig_Post_Files\demBig_4.09.post.msh
demBig_Post_Files\demBig_4.09.post.res
demBig_Post_Files\demBig_4.1.post.msh
demBig_Post_Files\demBig_4.1.post.res
demBig_Post_Files\demBig_4.11.post.msh
demBig_Post_Files\demBig_4.11.post.res
demBig_Post_Files\demBig_4.12.post.msh
demBig_Post_Files\demBig_4.12.post.res
demBig_Post_Files\demBig_4.13.post.msh
demBig_Post_Files\demBig_4.13.post.res
demBig_Post_Files\demBig_4.14.post.msh
demBig_Post_Files\demBig_4.14.post.res
demBig_Post_Files\demBig_4.15.post.msh
demBig_Post_Files\demBig_4.15.post.res
demBig_Post_Files\demBig_4.16.post.msh
demBig_Post_Files\demBig_4.16.post.res
demBig_Post_Files\demBig_4.17.post.msh
demBig_Post_Files\demBig_4.17.post.res
demBig_Post_Files\demBig_4.18.post.msh
demBig_Post_Files\demBig_4.18.post.res
demBig_Post_Files\demBig_4.19.post.msh
demBig_Post_Files\demBig_4.19.post.res
demBig_Post_Files\demBig_4.2.post.msh
demBig_Post_Files\demBig_4.2.post.res
demBig_Post_Files\demBig_4.21.post.msh
demBig_Post_Files\demBig_4.21.post.res
demBig_Post_Files\demBig_4.22.post.msh
demBig_Post_Files\demBig_4.22.post.res
demBig_Post_Files\demBig_4.23.post.msh
demBig_Post_Files\demBig_4.23.post.res
demBig_Post_Files\demBig_4.24.post.msh
demBig_Post_Files\demBig_4.24.post.res
demBig_Post_Files\demBig_4.25.post.msh
demBig_Post_Files\demBig_4.25.post.res
demBig_Post_Files\demBig_4.26.post.msh
demBig_Post_Files\demBig_4.26.post.res
demBig_Post_Files\demBig_4.27.post.msh
demBig_Post_Files\demBig_4.27.post.res
demBig_Post_Files\demBig_4.28.post.msh
demBig_Post_Files\demBig_4.28.post.res
demBig_Post_Files\demBig_4.29.post.msh
demBig_Post_Files\demBig_4.29.post.res
demBig_Post_Files\demBig_4.3.post.msh
demBig_Post_Files\demBig_4.3.post.res
demBig_Post_Files\demBig_4.31.post.msh
demBig_Post_Files\demBig_4.31.post.res
demBig_Post_Files\demBig_4.32.post.msh
demBig_Post_Files\demBig_4.32.post.res
demBig_Post_Files\demBig_4.33.post.msh
demBig_Post_Files\demBig_4.33.post.res
demBig_Post_Files\demBig_4.34.post.msh
demBig_Post_Files\demBig_4.34.post.res
demBig_Post_Files\demBig_4.35.post.msh
demBig_Post_Files\demBig_4.35.post.res
demBig_Post_Files\demBig_4.36.post.msh
demBig_Post_Files\demBig_4.36.post.res
demBig_Post_Files\demBig_4.37.post.msh
demBig_Post_Files\demBig_4.37.post.res
demBig_Post_Files\demBig_4.38.post.msh
demBig_Post_Files\demBig_4.38.post.res
demBig_Post_Files\demBig_4.39.post.msh
demBig_Post_Files\demBig_4.39.post.res
demBig_Post_Files\demBig_4.4.post.msh
demBig_Post_Files\demBig_4.4.post.res
demBig_Post_Files\demBig_4.41.post.msh
demBig_Post_Files\demBig_4.41.post.res
demBig_Post_Files\demBig_4.42.post.msh
demBig_Post_Files\demBig_4.42.post.res
demBig_Post_Files\demBig_4.43.post.msh
demBig_Post_Files\demBig_4.43.post.res
demBig_Post_Files\demBig_4.44.post.msh
demBig_Post_Files\demBig_4.44.post.res
demBig_Post_Files\demBig_4.45.post.msh
demBig_Post_Files\demBig_4.45.post.res
demBig_Post_Files\demBig_4.46.post.msh
demBig_Post_Files\demBig_4.46.post.res
demBig_Post_Files\demBig_4.47.post.msh
demBig_Post_Files\demBig_4.47.post.res
demBig_Post_Files\demBig_4.48.post.msh
demBig_Post_Files\demBig_4.48.post.res
demBig_Post_Files\demBig_4.49.post.msh
demBig_Post_Files\demBig_4.49.post.res
demBig_Post_Files\demBig_4.5.post.msh
demBig_Post_Files\demBig_4.5.post.res
demBig_Post_Files\demBig_4.51.post.msh
demBig_Post_Files\demBig_4.51.post.res
demBig_Post_Files\demBig_4.52.post.msh
demBig_Post_Files\demBig_4.52.post.res
demBig_Post_Files\demBig_4.53.post.msh
demBig_Post_Files\demBig_4.53.post.res
demBig_Post_Files\demBig_4.54.post.msh
demBig_Post_Files\demBig_4.54.post.res
demBig_Post_Files\demBig_4.55.post.msh
demBig_Post_Files\demBig_4.55.post.res
demBig_Post_Files\demBig_4.56.post.msh
demBig_Post_Files\demBig_4.56.post.res
demBig_Post_Files\demBig_4.57.post.msh
demBig_Post_Files\demBig_4.57.post.res
demBig_Post_Files\demBig_4.58.post.msh
demBig_Post_Files\demBig_4.58.post.res
demBig_Post_Files\demBig_4.59.post.msh
demBig_Post_Files\demBig_4.59.post.res
demBig_Post_Files\demBig_4.6.post.msh
demBig_Post_Files\demBig_4.6.post.res
demBig_Post_Files\demBig_4.61.post.msh
demBig_Post_Files\demBig_4.61.post.res
demBig_Post_Files\demBig_4.62.post.msh
demBig_Post_Files\demBig_4.62.post.res
demBig_Post_Files\demBig_4.63.post.msh
demBig_Post_Files\demBig_4.63.post.res
demBig_Post_Files\demBig_4.64.post.msh
demBig_Post_Files\demBig_4.64.post.res
demBig_Post_Files\demBig_4.65.post.msh
demBig_Post_Files\demBig_4.65.post.res
demBig_Post_Files\demBig_4.66.post.msh
demBig_Post_Files\demBig_4.66.post.res
demBig_Post_Files\demBig_4.67.post.msh
demBig_Post_Files\demBig_4.67.post.res
demBig_Post_Files\demBig_4.68.post.msh
demBig_Post_Files\demBig_4.68.post.res
demBig_Post_Files\demBig_4.69.post.msh
demBig_Post_Files\demBig_4.69.post.res
demBig_Post_Files\demBig_4.7.post.msh
demBig_Post_Files\demBig_4.7.post.res
demBig_Post_Files\demBig_4.71.post.msh
demBig_Post_Files\demBig_4.71.post.res
demBig_Post_Files\demBig_4.72.post.msh
demBig_Post_Files\demBig_4.72.post.res
demBig_Post_Files\demBig_4.73.post.msh
demBig_Post_Files\demBig_4.73.post.res
demBig_Post_Files\demBig_4.74.post.msh
demBig_Post_Files\demBig_4.74.post.res
demBig_Post_Files\demBig_4.75.post.msh
demBig_Post_Files\demBig_4.75.post.res
demBig_Post_Files\demBig_4.76.post.msh
demBig_Post_Files\demBig_4.76.post.res
demBig_Post_Files\demBig_4.77.post.msh
demBig_Post_Files\demBig_4.77.post.res
demBig_Post_Files\demBig_4.78.post.msh
demBig_Post_Files\demBig_4.78.post.res
demBig_Post_Files\demBig_4.79.post.msh
demBig_Post_Files\demBig_4.79.post.res
demBig_Post_Files\demBig_4.8.post.msh
demBig_Post_Files\demBig_4.8.post.res
demBig_Post_Files\demBig_4.81.post.msh
demBig_Post_Files\demBig_4.81.post.res
demBig_Post_Files\demBig_4.82.post.msh
demBig_Post_Files\demBig_4.82.post.res
demBig_Post_Files\demBig_4.83.post.msh
demBig_Post_Files\demBig_4.83.post.res
demBig_Post_Files\demBig_4.84.post.msh
demBig_Post_Files\demBig_4.84.post.res
demBig_Post_Files\demBig_4.85.post.msh
demBig_Post_Files\demBig_4.85.post.res
demBig_Post_Files\demBig_4.86.post.msh
demBig_Post_Files\demBig_4.86.post.res
demBig_Post_Files\demBig_4.87.post.msh
demBig_Post_Files\demBig_4.87.post.res
demBig_Post_Files\demBig_4.88.post.msh
demBig_Post_Files\demBig_4.88.post.res
demBig_Post_Files\demBig_4.89.post.msh
demBig_Post_Files\demBig_4.89.post.res
demBig_Post_Files\demBig_4.9.post.msh
demBig_Post_Files\demBig_4.9.post.res
demBig_Post_Files\demBig_4.91.post.msh
demBig_Post_Files\demBig_4.91.post.res
demBig_Post_Files\demBig_4.92.post.msh
demBig_Post_Files\demBig_4.92.post.res
demBig_Post_Files\demBig_4.93.post.msh
demBig_Post_Files\demBig_4.93.post.res
demBig_Post_Files\demBig_4.94.post.msh
demBig_Post_Files\demBig_4.94.post.res
demBig_Post_Files\demBig_4.95.post.msh
demBig_Post_Files\demBig_4.95.post.res
demBig_Post_Files\demBig_4.96.post.msh
demBig_Post_Files\demBig_4.96.post.res
demBig_Post_Files\demBig_4.97.post.msh
demBig_Post_Files\demBig_4.97.post.res
demBig_Post_Files\demBig_4.98.post.msh
demBig_Post_Files\demBig_4.98.post.res
demBig_Post_Files\demBig_4.99.post.msh
demBig_Post_Files\demBig_4.99.post.res
demBig_Post_Files\demBig_5.post.msh
demBig_Post_Files\demBig_5.post.res
demBig_Post_Files\demBig_5.01.post.msh
demBig_Post_Files\demBig_5.01.post.res
demBig_Post_Files\demBig_5.02.post.msh
demBig_Post_Files\demBig_5.02.post.res
demBig_Post_Files\demBig_5.03.post.msh
demBig_Post_Files\demBig_5.03.post.res
demBig_Post_Files\demBig_5.04.post.msh
demBig_Post_Files\demBig_5.04.post.res
demBig_Post_Files\demBig_5.05.post.msh
demBig_Post_Files\demBig_5.05.post.res
demBig_Post_Files\demBig_5.06.post.msh
demBig_Post_Files\demBig_5.06.post.res
demBig_Post_Files\demBig_5.07.post.msh
demBig_Post_Files\demBig_5.07.post.res
demBig_Post_Files\demBig_5.08.post.msh
demBig_Post_Files\demBig_5.08.post.res
demBig_Post_Files\demBig_5.09.post.msh
demBig_Post_Files\demBig_5.09.post.res
demBig_Post_Files\demBig_5.1.post.msh
demBig_Post_Files\demBig_5.1.post.res
demBig_Post_Files\demBig_5.11.post.msh
demBig_Post_Files\demBig_5.11.post.res
demBig_Post_Files\demBig_5.12.post.msh
demBig_Post_Files\demBig_5.12.post.res
demBig_Post_Files\demBig_5.13.post.msh
demBig_Post_Files\demBig_5.13.post.res
demBig_Post_Files\demBig_5.14.post.msh
demBig_Post_Files\demBig_5.14.post.res
demBig_Post_Files\demBig_5.15.post.msh
demBig_Post_Files\demBig_5.15.post.res
demBig_Post_Files\demBig_5.16.post.msh
demBig_Post_Files\demBig_5.16.post.res
demBig_Post_Files\demBig_5.17.post.msh
demBig_Post_Files\demBig_5.17.post.res
demBig_Post_Files\demBig_5.18.post.msh
demBig_Post_Files\demBig_5.18.post.res
demBig_Post_Files\demBig_5.19.post.msh
demBig_Post_Files\demBig_5.19.post.res
demBig_Post_Files\demBig_5.2.post.msh
demBig_Post_Files\demBig_5.2.post.res
demBig_Post_Files\demBig_5.21.post.msh
demBig_Post_Files\demBig_5.21.post.res
demBig_Post_Files\demBig_5.22.post.msh
demBig_Post_Files\demBig_5.22.post.res
demBig_Post_Files\demBig_5.23.post.msh
demBig_Post_Files\demBig_5.23.post.res
demBig_Post_Files\demBig_5.24.post.msh
demBig_Post_Files\demBig_5.24.post.res
demBig_Post_Files\demBig_5.25.post.msh
demBig_Post_Files\demBig_5.25.post.res
demBig_Post_Files\demBig_5.26.post.msh
demBig_Post_Files\demBig_5.26.post.res
demBig_Post_Files\demBig_5.27.post.msh
demBig_Post_Files\demBig_5.27.post.res
demBig_Post_Files\demBig_5.28.post.msh
demBig_Post_Files\demBig_5.28.post.res
demBig_Post_Files\demBig_5.29.post.msh
demBig_Post_Files\demBig_5.29.post.res
demBig_Post_Files\demBig_5.3.post.msh
demBig_Post_Files\demBig_5.3.post.res
demBig_Post_Files\demBig_5.31.post.msh
demBig_Post_Files\demBig_5.31.post.res
demBig_Post_Files\demBig_5.32.post.msh
demBig_Post_Files\demBig_5.32.post.res
demBig_Post_Files\demBig_5.33.post.msh
demBig_Post_Files\demBig_5.33.post.res
demBig_Post_Files\demBig_5.34.post.msh
demBig_Post_Files\demBig_5.34.post.res
demBig_Post_Files\demBig_5.35.post.msh
demBig_Post_Files\demBig_5.35.post.res
demBig_Post_Files\demBig_5.36.post.msh
demBig_Post_Files\demBig_5.36.post.res
demBig_Post_Files\demBig_5.37.post.msh
demBig_Post_Files\demBig_5.37.post.res
demBig_Post_Files\demBig_5.38.post.msh
demBig_Post_Files\demBig_5.38.post.res
demBig_Post_Files\demBig_5.39.post.msh
demBig_Post_Files\demBig_5.39.post.res
demBig_Post_Files\demBig_5.4.post.msh
demBig_Post_Files\demBig_5.4.post.res
demBig_Post_Files\demBig_5.41.post.msh
demBig_Post_Files\demBig_5.41.post.res
demBig_Post_Files\demBig_5.42.post.msh
demBig_Post_Files\demBig_5.42.post.res
demBig_Post_Files\demBig_5.43.post.msh
demBig_Post_Files\demBig_5.43.post.res
demBig_Post_Files\demBig_5.44.post.msh
demBig_Post_Files\demBig_5.44.post.res
demBig_Post_Files\demBig_5.45.post.msh
demBig_Post_Files\demBig_5.45.post.res
demBig_Post_Files\demBig_5.46.post.msh
demBig_Post_Files\demBig_5.46.post.res
demBig_Post_Files\demBig_5.47.post.msh
demBig_Post_Files\demBig_5.47.post.res
demBig_Post_Files\demBig_5.48.post.msh
demBig_Post_Files\demBig_5.48.post.res
demBig_Post_Files\demBig_5.49.post.msh
demBig_Post_Files\demBig_5.49.post.res
demBig_Post_Files\demBig_5.5.post.msh
demBig_Post_Files\demBig_5.5.post.res
demBig_Post_Files\demBig_5.51.post.msh
demBig_Post_Files\demBig_5.51.post.res
demBig_Post_Files\demBig_5.52.post.msh
demBig_Post_Files\demBig_5.52.post.res
demBig_Post_Files\demBig_5.53.post.msh
demBig_Post_Files\demBig_5.53.post.res
demBig_Post_Files\demBig_5.54.post.msh
demBig_Post_Files\demBig_5.54.post.res
demBig_Post_Files\demBig_5.55.post.msh
demBig_Post_Files\demBig_5.55.post.res
demBig_Post_Files\demBig_5.56.post.msh
demBig_Post_Files\demBig_5.56.post.res
demBig_Post_Files\demBig_5.57.post.msh
demBig_Post_Files\demBig_5.57.post.res
demBig_Post_Files\demBig_5.58.post.msh
demBig_Post_Files\demBig_5.58.post.res
demBig_Post_Files\demBig_5.59.post.msh
demBig_Post_Files\demBig_5.59.post.res
demBig_Post_Files\demBig_5.6.post.msh
demBig_Post_Files\demBig_5.6.post.res
demBig_Post_Files\demBig_5.61.post.msh
demBig_Post_Files\demBig_5.61.post.res
demBig_Post_Files\demBig_5.62.post.msh
demBig_Post_Files\demBig_5.62.post.res
demBig_Post_Files\demBig_5.63.post.msh
demBig_Post_Files\demBig_5.63.post.res
demBig_Post_Files\demBig_5.64.post.msh
demBig_Post_Files\demBig_5.64.post.res
demBig_Post_Files\demBig_5.65.post.msh
demBig_Post_Files\demBig_5.65.post.res
demBig_Post_Files\demBig_5.66.post.msh
demBig_Post_Files\demBig_5.66.post.res
demBig_Post_Files\demBig_5.67.post.msh
demBig_Post_Files\demBig_5.67.post.res
demBig_Post_Files\demBig_5.68.post.msh
demBig_Post_Files\demBig_5.68.post.res
demBig_Post_Files\demBig_5.69.post.msh
demBig_Post_Files\demBig_5.69.post.res
demBig_Post_Files\demBig_5.7.post.msh
demBig_Post_Files\demBig_5.7.post.res
demBig_Post_Files\demBig_5.71.post.msh
demBig_Post_Files\demBig_5.71.post.res
demBig_Post_Files\demBig_5.72.post.msh
demBig_Post_Files\demBig_5.72.post.res
demBig_Post_Files\demBig_5.73.post.msh
demBig_Post_Files\demBig_5.73.post.res
demBig_Post_Files\demBig_5.74.post.msh
demBig_Post_Files\demBig_5.74.post.res
demBig_Post_Files\demBig_5.75.post.msh
demBig_Post_Files\demBig_5.75.post.res
demBig_Post_Files\demBig_5.76.post.msh
demBig_Post_Files\demBig_5.76.post.res
demBig_Post_Files\demBig_5.77.post.msh
demBig_Post_Files\demBig_5.77.post.res
demBig_Post_Files\demBig_5.78.post.msh
demBig_Post_Files\demBig_5.78.post.res
demBig_Post_Files\demBig_5.79.post.msh
demBig_Post_Files\demBig_5.79.post.res
demBig_Post_Files\demBig_5.8.post.msh
demBig_Post_Files\demBig_5.8.post.res
demBig_Post_Files\demBig_5.81.post.msh
demBig_Post_Files\demBig_5.81.post.res
demBig_Post_Files\demBig_5.82.post.msh
demBig_Post_Files\demBig_5.82.post.res
demBig_Post_Files\demBig_5.83.post.msh
demBig_Post_Files\demBig_5.83.post.res
demBig_Post_Files\demBig_5.84.post.msh
demBig_Post_Files\demBig_5.84.post.res
demBig_Post_Files\demBig_5.85.post.msh
demBig_Post_Files\demBig_5.85.post.res
demBig_Post_Files\demBig_5.86.post.msh
demBig_Post_Files\demBig_5.86.post.res
demBig_Post_Files\demBig_5.87.post.msh
demBig_Post_Files\demBig_5.87.post.res
demBig_Post_Files\demBig_5.88.post.msh
demBig_Post_Files\demBig_5.88.post.res
demBig_Post_Files\demBig_5.89.post.msh
demBig_Post_Files\demBig_5.89.post.res
demBig_Post_Files\demBig_5.9.post.msh
demBig_Post_Files\demBig_5.9.post.res
demBig_Post_Files\demBig_5.91.post.msh
demBig_Post_Files\demBig_5.91.post.res
demBig_Post_Files\demBig_5.92.post.msh
demBig_Post_Files\demBig_5.92.post.res
demBig_Post_Files\demBig_5.93.post.msh
demBig_Post_Files\demBig_5.93.post.res
demBig_Post_Files\demBig_5.94.post.msh
demBig_Post_Files\demBig_5.94.post.res
demBig_Post_Files\demBig_5.95.post.msh
demBig_Post_Files\demBig_5.95.post.res
demBig_Post_Files\demBig_5.96.post.msh
demBig_Post_Files\demBig_5.96.post.res
demBig_Post_Files\demBig_5.97.post.msh
demBig_Post_Files\demBig_5.97.post.res
demBig_Post_Files\demBig_5.98.post.msh
demBig_Post_Files\demBig_5.98.post.res
demBig_Post_Files\demBig_5.99.post.msh
demBig_Post_Files\demBig_5.99.post.res
demBig_Post_Files\demBig_6.post.msh
demBig_Post_Files\demBig_6.post.res
demBig_Post_Files\demBig_6.01.post.msh
demBig_Post_Files\demBig_6.01.post.res
demBig_Post_Files\demBig_6.02.post.msh
demBig_Post_Files\demBig_6.02.post.res
demBig_Post_Files\demBig_6.03.post.msh
demBig_Post_Files\demBig_6.03.post.res
demBig_Post_Files\demBig_6.04.post.msh
demBig_Post_Files\demBig_6.04.post.res
demBig_Post_Files\demBig_6.05.post.msh
demBig_Post_Files\demBig_6.05.post.res
demBig_Post_Files\demBig_6.06.post.msh
demBig_Post_Files\demBig_6.06.post.res
demBig_Post_Files\demBig_6.07.post.msh
demBig_Post_Files\demBig_6.07.post.res
demBig_Post_Files\demBig_6.08.post.msh
demBig_Post_Files\demBig_6.08.post.res
demBig_Post_Files\demBig_6.09.post.msh
demBig_Post_Files\demBig_6.09.post.res
demBig_Post_Files\demBig_6.1.post.msh
demBig_Post_Files\demBig_6.1.post.res
demBig_Post_Files\demBig_6.11.post.msh
demBig_Post_Files\demBig_6.11.post.res
demBig_Post_Files\demBig_6.12.post.msh
demBig_Post_Files\demBig_6.12.post.res
demBig_Post_Files\demBig_6.13.post.msh
demBig_Post_Files\demBig_6.13.post.res
demBig_Post_Files\demBig_6.14.post.msh
demBig_Post_Files\demBig_6.14.post.res
demBig_Post_Files\demBig_6.15.post.msh
demBig_Post_Files\demBig_6.15.post.res
demBig_Post_Files\demBig_6.16.post.msh
demBig_Post_Files\demBig_6.16.post.res
demBig_Post_Files\demBig_6.17.post.msh
demBig_Post_Files\demBig_6.17.post.res
demBig_Post_Files\demBig_6.18.post.msh
demBig_Post_Files\demBig_6.18.post.res
demBig_Post_Files\demBig_6.19.post.msh
demBig_Post_Files\demBig_6.19.post.res
demBig_Post_Files\demBig_6.2.post.msh
demBig_Post_Files\demBig_6.2.post.res
demBig_Post_Files\demBig_6.21.post.msh
demBig_Post_Files\demBig_6.21.post.res
demBig_Post_Files\demBig_6.22.post.msh
demBig_Post_Files\demBig_6.22.post.res
demBig_Post_Files\demBig_6.23.post.msh
demBig_Post_Files\demBig_6.23.post.res
demBig_Post_Files\demBig_6.24.post.msh
demBig_Post_Files\demBig_6.24.post.res
demBig_Post_Files\demBig_6.25.post.msh
demBig_Post_Files\demBig_6.25.post.res
demBig_Post_Files\demBig_6.26.post.msh
demBig_Post_Files\demBig_6.26.post.res
demBig_Post_Files\demBig_6.27.post.msh
demBig_Post_Files\demBig_6.27.post.res
demBig_Post_Files\demBig_6.28.post.msh
demBig_Post_Files\demBig_6.28.post.res
demBig_Post_Files\demBig_6.29.post.msh
demBig_Post_Files\demBig_6.29.post.res
demBig_Post_Files\demBig_6.3.post.msh
demBig_Post_Files\demBig_6.3.post.res
demBig_Post_Files\demBig_6.31.post.msh
demBig_Post_Files\demBig_6.31.post.res
demBig_Post_Files\demBig_6.32.post.msh
demBig_Post_Files\demBig_6.32.post.res
demBig_Post_Files\demBig_6.33.post.msh
demBig_Post_Files\demBig_6.33.post.res
demBig_Post_Files\demBig_6.34.post.msh
demBig_Post_Files\demBig_6.34.post.res
demBig_Post_Files\demBig_6.35.post.msh
demBig_Post_Files\demBig_6.35.post.res
demBig_Post_Files\demBig_6.36.post.msh
demBig_Post_Files\demBig_6.36.post.res
demBig_Post_Files\demBig_6.37.post.msh
demBig_Post_Files\demBig_6.37.post.res
demBig_Post_Files\demBig_6.38.post.msh
demBig_Post_Files\demBig_6.38.post.res
demBig_Post_Files\demBig_6.39.post.msh
demBig_Post_Files\demBig_6.39.post.res
demBig_Post_Files\demBig_6.4.post.msh
demBig_Post_Files\demBig_6.4.post.res
demBig_Post_Files\demBig_6.41.post.msh
demBig_Post_Files\demBig_6.41.post.res
demBig_Post_Files\demBig_6.42.post.msh
demBig_Post_Files\demBig_6.42.post.res
demBig_Post_Files\demBig_6.43.post.msh
demBig_Post_Files\demBig_6.43.post.res
demBig_Post_Files\demBig_6.44.post.msh
demBig_Post_Files\demBig_6.44.post.res
demBig_Post_Files\demBig_6.45.post.msh
demBig_Post_Files\demBig_6.45.post.res
demBig_Post_Files\demBig_6.46.post.msh
demBig_Post_Files\demBig_6.46.post.res
demBig_Post_Files\demBig_6.47.post.msh
demBig_Post_Files\demBig_6.47.post.res
demBig_Post_Files\demBig_6.48.post.msh
demBig_Post_Files\demBig_6.48.post.res
demBig_Post_Files\demBig_6.49.post.msh
demBig_Post_Files\demBig_6.49.post.res
demBig_Post_Files\demBig_6.5.post.msh
demBig_Post_Files\demBig_6.5.post.res
demBig_Post_Files\demBig_6.51.post.msh
demBig_Post_Files\demBig_6.51.post.res
demBig_Post_Files\demBig_6.52.post.msh
demBig_Post_Files\demBig_6.52.post.res
demBig_Post_Files\demBig_6.53.post.msh
demBig_Post_Files\demBig_6.53.post.res
demBig_Post_Files\demBig_6.54.post.msh
demBig_Post_Files\demBig_6.54.post.res
demBig_Post_Files\demBig_6.55.post.msh
demBig_Post_Files\demBig_6.55.post.res
demBig_Post_Files\demBig_6.56.post.msh
demBig_Post_Files\demBig_6.56.post.res
demBig_Post_Files\demBig_6.57.post.msh
demBig_Post_Files\demBig_6.57.post.res
demBig_Post_Files\demBig_6.58.post.msh
demBig_Post_Files\demBig_6.58.post.res
demBig_Post_Files\demBig_6.59.post.msh
demBig_Post_Files\demBig_6.59.post.res
demBig_Post_Files\demBig_6.6.post.msh
demBig_Post_Files\demBig_6.6.post.res
demBig_Post_Files\demBig_6.61.post.msh
demBig_Post_Files\demBig_6.61.post.res
demBig_Post_Files\demBig_6.62.post.msh
demBig_Post_Files\demBig_6.62.post.res
demBig_Post_Files\demBig_6.63.post.msh
demBig_Post_Files\demBig_6.63.post.res
demBig_Post_Files\demBig_6.64.post.msh
demBig_Post_Files\demBig_6.64.post.res
demBig_Post_Files\demBig_6.65.post.msh
demBig_Post_Files\demBig_6.65.post.res
demBig_Post_Files\demBig_6.66.post.msh
demBig_Post_Files\demBig_6.66.post.res
demBig_Post_Files\demBig_6.67.post.msh
demBig_Post_Files\demBig_6.67.post.res
demBig_Post_Files\demBig_6.68.post.msh
demBig_Post_Files\demBig_6.68.post.res
demBig_Post_Files\demBig_6.69.post.msh
demBig_Post_Files\demBig_6.69.post.res
demBig_Post_Files\demBig_6.7.post.msh
demBig_Post_Files\demBig_6.7.post.res
demBig_Post_Files\demBig_6.71.post.msh
demBig_Post_Files\demBig_6.71.post.res
demBig_Post_Files\demBig_6.72.post.msh
demBig_Post_Files\demBig_6.72.post.res
demBig_Post_Files\demBig_6.73.post.msh
demBig_Post_Files\demBig_6.73.post.res
demBig_Post_Files\demBig_6.74.post.msh
demBig_Post_Files\demBig_6.74.post.res
demBig_Post_Files\demBig_6.75.post.msh
demBig_Post_Files\demBig_6.75.post.res
demBig_Post_Files\demBig_6.76.post.msh
demBig_Post_Files\demBig_6.76.post.res
demBig_Post_Files\demBig_6.77.post.msh
demBig_Post_Files\demBig_6.77.post.res
demBig_Post_Files\demBig_6.78.post.msh
demBig_Post_Files\demBig_6.78.post.res
demBig_Post_Files\demBig_6.79.post.msh
demBig_Post_Files\demBig_6.79.post.res
demBig_Post_Files\demBig_6.8.post.msh
demBig_Post_Files\demBig_6.8.post.res
demBig_Post_Files\demBig_6.81.post.msh
demBig_Post_Files\demBig_6.81.post.res
demBig_Post_Files\demBig_6.82.post.msh
demBig_Post_Files\demBig_6.82.post.res
demBig_Post_Files\demBig_6.83.post.msh
demBig_Post_Files\demBig_6.83.post.res
demBig_Post_Files\demBig_6.84.post.msh
demBig_Post_Files\demBig_6.84.post.res
demBig_Post_Files\demBig_6.85.post.msh
demBig_Post_Files\demBig_6.85.post.res
demBig_Post_Files\demBig_6.86.post.msh
demBig_Post_Files\demBig_6.86.post.res
demBig_Post_Files\demBig_6.87.post.msh
demBig_Post_Files\demBig_6.87.post.res
demBig_Post_Files\demBig_6.88.post.msh
demBig_Post_Files\demBig_6.88.post.res
demBig_Post_Files\demBig_6.89.post.msh
demBig_Post_Files\demBig_6.89.post.res
demBig_Post_Files\demBig_6.9.post.msh
demBig_Post_Files\demBig_6.9.post.res
demBig_Post_Files\demBig_6.91.post.msh
demBig_Post_Files\demBig_6.91.post.res
