    /PARAMETERS
$length = 0.050
$radius = 0.005
$boxtopintervals = 100
$boxrightintervals = 10
    /CODE
save name "mesh.dbs"
solver select "FLUENT 5/6"
vertex create "BoxLeftTop" coordinates (-$length/2) $radius 0
vertex create "BoxLeftBottom" coordinates (-$length/2) 0 0
vertex create "BoxRightTop" coordinates ($length/2) $radius 0
vertex create "BoxRightBottom" coordinates ($length/2) 0 0
edge create "BoxTop" straight "BoxLeftTop" "BoxRightTop"
edge create "BoxBottom" straight "BoxLeftBottom" "BoxRightBottom"
edge create "BoxLeft" straight "BoxLeftTop" "BoxLeftBottom"
edge create "BoxRight" straight "BoxRightTop" "BoxRightBottom"
face create "FluidInternal" wireframe "BoxTop" "BoxRight" "BoxBottom" "BoxLeft"
edge link "BoxTop" "BoxBottom" directions 0 0
edge link "BoxRight" "BoxLeft" directions 0 0
edge mesh "BoxTop" intervals $boxtopintervals
edge mesh "BoxRight" intervals $boxrightintervals
face mesh "FluidInternal" submap
physics create "In" btype "PRESSURE_OUTLET" edge "BoxLeft"
physics create "Out" btype "PRESSURE_OUTLET" edge "BoxRight"
physics create "Box" btype "AXIS" edge "BoxBottom"
physics create "BeamOutside" btype "WALL" edge "BoxTop"
physics create "Fluid" ctype "FLUID" face "FluidInternal"
export fluent5 "mesh.msh" nozval
save
end
