Multiple
demBig_Post_Files\demBig_0.01.post.msh
demBig_Post_Files\demBig_0.01.post.res
demBig_Post_Files\demBig_0.02.post.msh
demBig_Post_Files\demBig_0.02.post.res
demBig_Post_Files\demBig_0.03.post.msh
demBig_Post_Files\demBig_0.03.post.res
demBig_Post_Files\demBig_0.04.post.msh
demBig_Post_Files\demBig_0.04.post.res
demBig_Post_Files\demBig_0.05.post.msh
demBig_Post_Files\demBig_0.05.post.res
demBig_Post_Files\demBig_0.06.post.msh
demBig_Post_Files\demBig_0.06.post.res
demBig_Post_Files\demBig_0.07.post.msh
demBig_Post_Files\demBig_0.07.post.res
demBig_Post_Files\demBig_0.08.post.msh
demBig_Post_Files\demBig_0.08.post.res
demBig_Post_Files\demBig_0.09.post.msh
demBig_Post_Files\demBig_0.09.post.res
demBig_Post_Files\demBig_0.1.post.msh
demBig_Post_Files\demBig_0.1.post.res
demBig_Post_Files\demBig_0.11.post.msh
demBig_Post_Files\demBig_0.11.post.res
demBig_Post_Files\demBig_0.12.post.msh
demBig_Post_Files\demBig_0.12.post.res
demBig_Post_Files\demBig_0.13.post.msh
demBig_Post_Files\demBig_0.13.post.res
demBig_Post_Files\demBig_0.14.post.msh
demBig_Post_Files\demBig_0.14.post.res
demBig_Post_Files\demBig_0.15.post.msh
demBig_Post_Files\demBig_0.15.post.res
demBig_Post_Files\demBig_0.16.post.msh
demBig_Post_Files\demBig_0.16.post.res
demBig_Post_Files\demBig_0.17.post.msh
demBig_Post_Files\demBig_0.17.post.res
demBig_Post_Files\demBig_0.18.post.msh
demBig_Post_Files\demBig_0.18.post.res
demBig_Post_Files\demBig_0.19.post.msh
demBig_Post_Files\demBig_0.19.post.res
demBig_Post_Files\demBig_0.2.post.msh
demBig_Post_Files\demBig_0.2.post.res
demBig_Post_Files\demBig_0.21.post.msh
demBig_Post_Files\demBig_0.21.post.res
demBig_Post_Files\demBig_0.22.post.msh
demBig_Post_Files\demBig_0.22.post.res
demBig_Post_Files\demBig_0.23.post.msh
demBig_Post_Files\demBig_0.23.post.res
demBig_Post_Files\demBig_0.24.post.msh
demBig_Post_Files\demBig_0.24.post.res
demBig_Post_Files\demBig_0.25.post.msh
demBig_Post_Files\demBig_0.25.post.res
demBig_Post_Files\demBig_0.26.post.msh
demBig_Post_Files\demBig_0.26.post.res
demBig_Post_Files\demBig_0.27.post.msh
demBig_Post_Files\demBig_0.27.post.res
demBig_Post_Files\demBig_0.28.post.msh
demBig_Post_Files\demBig_0.28.post.res
demBig_Post_Files\demBig_0.29.post.msh
demBig_Post_Files\demBig_0.29.post.res
