Multiple
demBig_0.01.post.msh
demBig_0.01.post.res
demBig_0.02.post.msh
demBig_0.02.post.res
demBig_0.03.post.msh
demBig_0.03.post.res
demBig_0.04.post.msh
demBig_0.04.post.res
demBig_0.05.post.msh
demBig_0.05.post.res
demBig_0.06.post.msh
demBig_0.06.post.res
demBig_0.07.post.msh
demBig_0.07.post.res
demBig_0.08.post.msh
demBig_0.08.post.res
demBig_0.09.post.msh
demBig_0.09.post.res
demBig_0.1.post.msh
demBig_0.1.post.res
demBig_0.11.post.msh
demBig_0.11.post.res
demBig_0.12.post.msh
demBig_0.12.post.res
demBig_0.13.post.msh
demBig_0.13.post.res
demBig_0.14.post.msh
demBig_0.14.post.res
demBig_0.15.post.msh
demBig_0.15.post.res
demBig_0.16.post.msh
demBig_0.16.post.res
demBig_0.17.post.msh
demBig_0.17.post.res
demBig_0.18.post.msh
demBig_0.18.post.res
demBig_0.19.post.msh
demBig_0.19.post.res
demBig_0.2.post.msh
demBig_0.2.post.res
demBig_0.21.post.msh
demBig_0.21.post.res
demBig_0.22.post.msh
demBig_0.22.post.res
demBig_0.23.post.msh
demBig_0.23.post.res
demBig_0.24.post.msh
demBig_0.24.post.res
demBig_0.25.post.msh
demBig_0.25.post.res
demBig_0.26.post.msh
demBig_0.26.post.res
demBig_0.27.post.msh
demBig_0.27.post.res
demBig_0.28.post.msh
demBig_0.28.post.res
demBig_0.29.post.msh
demBig_0.29.post.res
demBig_0.3.post.msh
demBig_0.3.post.res
demBig_0.31.post.msh
demBig_0.31.post.res
demBig_0.32.post.msh
demBig_0.32.post.res
demBig_0.33.post.msh
demBig_0.33.post.res
demBig_0.34.post.msh
demBig_0.34.post.res
demBig_0.35.post.msh
demBig_0.35.post.res
demBig_0.36.post.msh
demBig_0.36.post.res
demBig_0.37.post.msh
demBig_0.37.post.res
demBig_0.38.post.msh
demBig_0.38.post.res
demBig_0.39.post.msh
demBig_0.39.post.res
demBig_0.4.post.msh
demBig_0.4.post.res
demBig_0.41.post.msh
demBig_0.41.post.res
demBig_0.42.post.msh
demBig_0.42.post.res
demBig_0.43.post.msh
demBig_0.43.post.res
demBig_0.44.post.msh
demBig_0.44.post.res
demBig_0.45.post.msh
demBig_0.45.post.res
demBig_0.46.post.msh
demBig_0.46.post.res
demBig_0.47.post.msh
demBig_0.47.post.res
demBig_0.48.post.msh
demBig_0.48.post.res
demBig_0.49.post.msh
demBig_0.49.post.res
demBig_0.5.post.msh
demBig_0.5.post.res
demBig_0.51.post.msh
demBig_0.51.post.res
demBig_0.52.post.msh
demBig_0.52.post.res
demBig_0.53.post.msh
demBig_0.53.post.res
demBig_0.54.post.msh
demBig_0.54.post.res
demBig_0.55.post.msh
demBig_0.55.post.res
demBig_0.56.post.msh
demBig_0.56.post.res
demBig_0.57.post.msh
demBig_0.57.post.res
demBig_0.58.post.msh
demBig_0.58.post.res
demBig_0.59.post.msh
demBig_0.59.post.res
demBig_0.6.post.msh
demBig_0.6.post.res
demBig_0.61.post.msh
demBig_0.61.post.res
demBig_0.62.post.msh
demBig_0.62.post.res
demBig_0.63.post.msh
demBig_0.63.post.res
demBig_0.64.post.msh
demBig_0.64.post.res
demBig_0.65.post.msh
demBig_0.65.post.res
demBig_0.66.post.msh
demBig_0.66.post.res
demBig_0.67.post.msh
demBig_0.67.post.res
demBig_0.68.post.msh
demBig_0.68.post.res
demBig_0.69.post.msh
demBig_0.69.post.res
demBig_0.7.post.msh
demBig_0.7.post.res
demBig_0.71.post.msh
demBig_0.71.post.res
demBig_0.72.post.msh
demBig_0.72.post.res
demBig_0.73.post.msh
demBig_0.73.post.res
demBig_0.74.post.msh
demBig_0.74.post.res
demBig_0.75.post.msh
demBig_0.75.post.res
demBig_0.76.post.msh
demBig_0.76.post.res
demBig_0.77.post.msh
demBig_0.77.post.res
demBig_0.78.post.msh
demBig_0.78.post.res
demBig_0.79.post.msh
demBig_0.79.post.res
demBig_0.8.post.msh
demBig_0.8.post.res
demBig_0.81.post.msh
demBig_0.81.post.res
demBig_0.82.post.msh
demBig_0.82.post.res
demBig_0.83.post.msh
demBig_0.83.post.res
demBig_0.84.post.msh
demBig_0.84.post.res
demBig_0.85.post.msh
demBig_0.85.post.res
demBig_0.86.post.msh
demBig_0.86.post.res
demBig_0.87.post.msh
demBig_0.87.post.res
demBig_0.88.post.msh
demBig_0.88.post.res
demBig_0.89.post.msh
demBig_0.89.post.res
demBig_0.9.post.msh
demBig_0.9.post.res
demBig_0.91.post.msh
demBig_0.91.post.res
demBig_0.92.post.msh
demBig_0.92.post.res
demBig_0.93.post.msh
demBig_0.93.post.res
demBig_0.94.post.msh
demBig_0.94.post.res
demBig_0.95.post.msh
demBig_0.95.post.res
demBig_0.96.post.msh
demBig_0.96.post.res
demBig_0.97.post.msh
demBig_0.97.post.res
demBig_0.98.post.msh
demBig_0.98.post.res
demBig_0.99.post.msh
demBig_0.99.post.res
demBig_1.post.msh
demBig_1.post.res
