Multiple
demBig_0.02.post.msh
demBig_0.02.post.res
demBig_0.04.post.msh
demBig_0.04.post.res
demBig_0.06.post.msh
demBig_0.06.post.res
demBig_0.08.post.msh
demBig_0.08.post.res
demBig_0.1.post.msh
demBig_0.1.post.res
demBig_0.12.post.msh
demBig_0.12.post.res
demBig_0.14.post.msh
demBig_0.14.post.res
demBig_0.16.post.msh
demBig_0.16.post.res
demBig_0.18.post.msh
demBig_0.18.post.res
demBig_0.2.post.msh
demBig_0.2.post.res
demBig_0.22.post.msh
demBig_0.22.post.res
demBig_0.24.post.msh
demBig_0.24.post.res
demBig_0.26.post.msh
demBig_0.26.post.res
demBig_0.28.post.msh
demBig_0.28.post.res
demBig_0.3.post.msh
demBig_0.3.post.res
demBig_0.32.post.msh
demBig_0.32.post.res
demBig_0.34.post.msh
demBig_0.34.post.res
demBig_0.36.post.msh
demBig_0.36.post.res
demBig_0.38.post.msh
demBig_0.38.post.res
demBig_0.4.post.msh
demBig_0.4.post.res
demBig_0.42.post.msh
demBig_0.42.post.res
demBig_0.44.post.msh
demBig_0.44.post.res
demBig_0.46.post.msh
demBig_0.46.post.res
demBig_0.48.post.msh
demBig_0.48.post.res
demBig_0.5.post.msh
demBig_0.5.post.res
demBig_0.52.post.msh
demBig_0.52.post.res
demBig_0.54.post.msh
demBig_0.54.post.res
demBig_0.56.post.msh
demBig_0.56.post.res
demBig_0.58.post.msh
demBig_0.58.post.res
demBig_0.6.post.msh
demBig_0.6.post.res
demBig_0.62.post.msh
demBig_0.62.post.res
demBig_0.64.post.msh
demBig_0.64.post.res
demBig_0.66.post.msh
demBig_0.66.post.res
demBig_0.68.post.msh
demBig_0.68.post.res
demBig_0.7.post.msh
demBig_0.7.post.res
demBig_0.72.post.msh
demBig_0.72.post.res
demBig_0.74.post.msh
demBig_0.74.post.res
demBig_0.76.post.msh
demBig_0.76.post.res
demBig_0.78.post.msh
demBig_0.78.post.res
demBig_0.8.post.msh
demBig_0.8.post.res
demBig_0.82.post.msh
demBig_0.82.post.res
demBig_0.84.post.msh
demBig_0.84.post.res
demBig_0.86.post.msh
demBig_0.86.post.res
demBig_0.88.post.msh
demBig_0.88.post.res
demBig_0.9.post.msh
demBig_0.9.post.res
demBig_0.92.post.msh
demBig_0.92.post.res
demBig_0.94.post.msh
demBig_0.94.post.res
demBig_0.96.post.msh
demBig_0.96.post.res
demBig_0.98.post.msh
demBig_0.98.post.res
demBig_1.post.msh
demBig_1.post.res
