Multiple
Shell_T3_Thin__BendingRollUpStructuralAnalysis_0.post.bin
Shell_T3_Thin__BendingRollUpStructuralAnalysis_1.post.bin
Shell_T3_Thin__BendingRollUpStructuralAnalysis_2.post.bin
Shell_T3_Thin__BendingRollUpStructuralAnalysis_3.post.bin
Shell_T3_Thin__BendingRollUpStructuralAnalysis_4.post.bin
Shell_T3_Thin__BendingRollUpStructuralAnalysis_5.post.bin
Shell_T3_Thin__BendingRollUpStructuralAnalysis_6.post.bin
Shell_T3_Thin__BendingRollUpStructuralAnalysis_7.post.bin
Shell_T3_Thin__BendingRollUpStructuralAnalysis_8.post.bin
Shell_T3_Thin__BendingRollUpStructuralAnalysis_9.post.bin
Shell_T3_Thin__BendingRollUpStructuralAnalysis_10.post.bin
Shell_T3_Thin__BendingRollUpStructuralAnalysis_11.post.bin
Shell_T3_Thin__BendingRollUpStructuralAnalysis_12.post.bin
Shell_T3_Thin__BendingRollUpStructuralAnalysis_13.post.bin
Shell_T3_Thin__BendingRollUpStructuralAnalysis_14.post.bin
Shell_T3_Thin__BendingRollUpStructuralAnalysis_15.post.bin
Shell_T3_Thin__BendingRollUpStructuralAnalysis_16.post.bin
Shell_T3_Thin__BendingRollUpStructuralAnalysis_17.post.bin
Shell_T3_Thin__BendingRollUpStructuralAnalysis_18.post.bin
Shell_T3_Thin__BendingRollUpStructuralAnalysis_19.post.bin
