MESH "Kratos_Tetrahedra3D4_Mesh_0" dimension 3 ElemType Tetrahedra Nnode 4
Coordinates
1 0 0 0
2 1 0 0
3 1 1 0
4 0 1 0
5 0.5 0.5 1
End Coordinates
Elements
1 1 2 4 5 1
2 2 3 4 5 1
End Elements
MESH "Kratos_Triangle3D3_Mesh_0" dimension 3 ElemType Triangle Nnode 3
Coordinates
1 0 0 0
2 1 0 0
3 1 1 0
4 0 1 0
5 0.5 0.5 1
End Coordinates
Elements
1 1 5 4 1
2 1 2 5 1
3 2 3 5 1
4 3 4 5 1
End Elements
