
;   GENERAL SETTINGS
file set-batch-options n n n
file start-transcript "transcript.txt"
(enable-dynamic-mesh-node-ids #t)
;file binary-files n

;   FUNCTIONS
(define (send_message message)
    (system (string-append "touch " message ".msg"))
)
(define (wait_message message)
    (do ((j 0 j)) ((= j 1))
		(if
		    (file-exists? (string-append message ".msg"))
		    (begin
		        (set! j 1)
		        (system (string-append "rm " message ".msg"))
		    )
            (system "sleep 0.1")
		)
	)
)
(define (check_message message)
    (if
        (file-exists? (string-append message ".msg"))
        (begin
            (system (string-append "rm " message ".msg"))
            (= 0 0)
        )
        (= 0 1)
	)
)


;   READ CASE
file read-case |case|
solve set expert y n y

;   SAVE DATA FOR SURFACE IDS
report summary y "report.sum"
(send_message "surface_info_exported")

;   COMPILE AND LOAD UDF
define user-defined compiled-functions compile "2019R1" y "2019R1.c" "" ""
define user-defined compiled-functions load "2019R1"

;   GET_THREAD_IDS IN UDF AND JOURNAL
(wait_message "thread_ids_written_to_file")
define user-defined execute-on-demand "get_thread_ids::2019R1"
(define face_threads (list|thread_names|))

;   CREATE DYNAMIC MESH ZONES
(do ((k 0 (+ k 1))) ((>= k (length face_threads)))
    (ti-menu-load-string (format #f "define dynamic-mesh zones create ~a
        user-defined \"move_nodes::2019R1\"" (list-ref face_threads k)))
)

;   STORE COORDINATES AND ID
define user-defined execute-on-demand "store_coordinates_id::2019R1"
(send_message "nodes_and_faces_stored")

;   INITIALIZE SOLUTION
(if |hybrid_initialization|
    (ti-menu-load-string "solve initialize hyb-initialization y")
    (ti-menu-load-string "solve initialize initialize-flow y")
)

;   TEST-RUN
solve monitors residual check-convergence n n n
solve iterate 100

;   STORE PRESSURE AND TRACTION
define user-defined execute-on-demand "store_pressure_traction::2019R1"

;   TEST POSTION UPDATES
(wait_message "test_position_updates")
solve mesh y
(send_message "test_finished")

;   MAKE SIMPLE UPDATE LOOP
(rp-var-define 'udf/iteration 0 'integer #f))
(do ((j 0 j)) ((= j 1))
    (if (check_message "stop")
        (set! j 1)
    )
    (if (check_message "continue")
        (begin
            (rpsetvar 'udf/iteration (+ (%rpgetvar 'udf/iteration) 1))
            (ti-menu-load-string "solve mesh-motion y")
            (ti-menu-load-string "disp setw 2")
            (ti-menu-load-string "disp mesh")
            (ti-menu-load-string "solve iterate |iterations|")
            (send_message "fluent_ready")
        )
    )
    (system "sleep 0.1")
)



;   SAVE CASE
file write-case-data "case_out.cas"
;exit y