Multiple
DamBreak2D_0.001.post.bin
DamBreak2D_0.011.post.bin
DamBreak2D_0.021.post.bin
DamBreak2D_0.031.post.bin
DamBreak2D_0.041.post.bin
DamBreak2D_0.051.post.bin
DamBreak2D_0.061.post.bin
DamBreak2D_0.071.post.bin
DamBreak2D_0.081.post.bin
DamBreak2D_0.091.post.bin
DamBreak2D_0.1.post.bin
DamBreak2D_0.11.post.bin
DamBreak2D_0.12.post.bin
DamBreak2D_0.13.post.bin
DamBreak2D_0.14.post.bin
DamBreak2D_0.151.post.bin
DamBreak2D_0.161.post.bin
DamBreak2D_0.171.post.bin
DamBreak2D_0.181.post.bin
DamBreak2D_0.191.post.bin
DamBreak2D_0.201.post.bin
DamBreak2D_0.211.post.bin
DamBreak2D_0.221.post.bin
DamBreak2D_0.231.post.bin
DamBreak2D_0.241.post.bin
DamBreak2D_0.251.post.bin
DamBreak2D_0.261.post.bin
DamBreak2D_0.271.post.bin
DamBreak2D_0.281.post.bin
DamBreak2D_0.291.post.bin
DamBreak2D_0.301.post.bin
DamBreak2D_0.311.post.bin
DamBreak2D_0.321.post.bin
DamBreak2D_0.331.post.bin
DamBreak2D_0.341.post.bin
DamBreak2D_0.351.post.bin
DamBreak2D_0.361.post.bin
DamBreak2D_0.371.post.bin
DamBreak2D_0.381.post.bin
DamBreak2D_0.391.post.bin
DamBreak2D_0.401.post.bin
DamBreak2D_0.411.post.bin
DamBreak2D_0.4205.post.bin
DamBreak2D_0.4305.post.bin
DamBreak2D_0.441.post.bin
DamBreak2D_0.451.post.bin
DamBreak2D_0.461.post.bin
DamBreak2D_0.471.post.bin
DamBreak2D_0.481.post.bin
DamBreak2D_0.491.post.bin
DamBreak2D_0.501.post.bin
DamBreak2D_0.511.post.bin
DamBreak2D_0.521.post.bin
DamBreak2D_0.531.post.bin
DamBreak2D_0.541.post.bin
DamBreak2D_0.551.post.bin
DamBreak2D_0.561.post.bin
DamBreak2D_0.571.post.bin
DamBreak2D_0.581.post.bin
DamBreak2D_0.591.post.bin
DamBreak2D_0.601.post.bin
DamBreak2D_0.611.post.bin
DamBreak2D_0.621.post.bin
DamBreak2D_0.631.post.bin
DamBreak2D_0.641.post.bin
DamBreak2D_0.651.post.bin
DamBreak2D_0.661.post.bin
DamBreak2D_0.671.post.bin
DamBreak2D_0.681.post.bin
DamBreak2D_0.691.post.bin
DamBreak2D_0.701.post.bin
DamBreak2D_0.711.post.bin
DamBreak2D_0.721.post.bin
DamBreak2D_0.731.post.bin
DamBreak2D_0.741.post.bin
DamBreak2D_0.751.post.bin
DamBreak2D_0.761.post.bin
DamBreak2D_0.771.post.bin
DamBreak2D_0.781.post.bin
DamBreak2D_0.791.post.bin
DamBreak2D_0.801.post.bin
DamBreak2D_0.811.post.bin
DamBreak2D_0.821.post.bin
DamBreak2D_0.831.post.bin
DamBreak2D_0.841.post.bin
DamBreak2D_0.851.post.bin
DamBreak2D_0.861.post.bin
DamBreak2D_0.871.post.bin
DamBreak2D_0.881.post.bin
DamBreak2D_0.891.post.bin
DamBreak2D_0.901.post.bin
DamBreak2D_0.911.post.bin
DamBreak2D_0.921.post.bin
DamBreak2D_0.931.post.bin
DamBreak2D_0.941.post.bin
DamBreak2D_0.951.post.bin
DamBreak2D_0.961.post.bin
DamBreak2D_0.971.post.bin
DamBreak2D_0.981.post.bin
DamBreak2D_0.991.post.bin
