Multiple
demBig_Post_Files\demBig_0.001.post.msh
demBig_Post_Files\demBig_0.001.post.res
demBig_Post_Files\demBig_0.002.post.msh
demBig_Post_Files\demBig_0.002.post.res
demBig_Post_Files\demBig_0.003.post.msh
demBig_Post_Files\demBig_0.003.post.res
demBig_Post_Files\demBig_0.004.post.msh
demBig_Post_Files\demBig_0.004.post.res
demBig_Post_Files\demBig_0.005.post.msh
demBig_Post_Files\demBig_0.005.post.res
demBig_Post_Files\demBig_0.006.post.msh
demBig_Post_Files\demBig_0.006.post.res
demBig_Post_Files\demBig_0.007.post.msh
demBig_Post_Files\demBig_0.007.post.res
demBig_Post_Files\demBig_0.008.post.msh
demBig_Post_Files\demBig_0.008.post.res
demBig_Post_Files\demBig_0.009.post.msh
demBig_Post_Files\demBig_0.009.post.res
demBig_Post_Files\demBig_0.01.post.msh
demBig_Post_Files\demBig_0.01.post.res
demBig_Post_Files\demBig_0.011.post.msh
demBig_Post_Files\demBig_0.011.post.res
demBig_Post_Files\demBig_0.012.post.msh
demBig_Post_Files\demBig_0.012.post.res
demBig_Post_Files\demBig_0.013.post.msh
demBig_Post_Files\demBig_0.013.post.res
demBig_Post_Files\demBig_0.014.post.msh
demBig_Post_Files\demBig_0.014.post.res
demBig_Post_Files\demBig_0.015.post.msh
demBig_Post_Files\demBig_0.015.post.res
demBig_Post_Files\demBig_0.016.post.msh
demBig_Post_Files\demBig_0.016.post.res
demBig_Post_Files\demBig_0.017.post.msh
demBig_Post_Files\demBig_0.017.post.res
demBig_Post_Files\demBig_0.018.post.msh
demBig_Post_Files\demBig_0.018.post.res
demBig_Post_Files\demBig_0.019.post.msh
demBig_Post_Files\demBig_0.019.post.res
demBig_Post_Files\demBig_0.02.post.msh
demBig_Post_Files\demBig_0.02.post.res
demBig_Post_Files\demBig_0.021.post.msh
demBig_Post_Files\demBig_0.021.post.res
demBig_Post_Files\demBig_0.022.post.msh
demBig_Post_Files\demBig_0.022.post.res
demBig_Post_Files\demBig_0.023.post.msh
demBig_Post_Files\demBig_0.023.post.res
demBig_Post_Files\demBig_0.024.post.msh
demBig_Post_Files\demBig_0.024.post.res
demBig_Post_Files\demBig_0.025.post.msh
demBig_Post_Files\demBig_0.025.post.res
demBig_Post_Files\demBig_0.026.post.msh
demBig_Post_Files\demBig_0.026.post.res
demBig_Post_Files\demBig_0.027.post.msh
demBig_Post_Files\demBig_0.027.post.res
demBig_Post_Files\demBig_0.028.post.msh
demBig_Post_Files\demBig_0.028.post.res
demBig_Post_Files\demBig_0.029.post.msh
demBig_Post_Files\demBig_0.029.post.res
demBig_Post_Files\demBig_0.03.post.msh
demBig_Post_Files\demBig_0.03.post.res
demBig_Post_Files\demBig_0.031.post.msh
demBig_Post_Files\demBig_0.031.post.res
demBig_Post_Files\demBig_0.032.post.msh
demBig_Post_Files\demBig_0.032.post.res
demBig_Post_Files\demBig_0.033.post.msh
demBig_Post_Files\demBig_0.033.post.res
demBig_Post_Files\demBig_0.034.post.msh
demBig_Post_Files\demBig_0.034.post.res
demBig_Post_Files\demBig_0.035.post.msh
demBig_Post_Files\demBig_0.035.post.res
demBig_Post_Files\demBig_0.036.post.msh
demBig_Post_Files\demBig_0.036.post.res
demBig_Post_Files\demBig_0.037.post.msh
demBig_Post_Files\demBig_0.037.post.res
demBig_Post_Files\demBig_0.038.post.msh
demBig_Post_Files\demBig_0.038.post.res
demBig_Post_Files\demBig_0.039.post.msh
demBig_Post_Files\demBig_0.039.post.res
demBig_Post_Files\demBig_0.04.post.msh
demBig_Post_Files\demBig_0.04.post.res
demBig_Post_Files\demBig_0.041.post.msh
demBig_Post_Files\demBig_0.041.post.res
demBig_Post_Files\demBig_0.042.post.msh
demBig_Post_Files\demBig_0.042.post.res
demBig_Post_Files\demBig_0.043.post.msh
demBig_Post_Files\demBig_0.043.post.res
demBig_Post_Files\demBig_0.044.post.msh
demBig_Post_Files\demBig_0.044.post.res
demBig_Post_Files\demBig_0.045.post.msh
demBig_Post_Files\demBig_0.045.post.res
demBig_Post_Files\demBig_0.046.post.msh
demBig_Post_Files\demBig_0.046.post.res
demBig_Post_Files\demBig_0.047.post.msh
demBig_Post_Files\demBig_0.047.post.res
demBig_Post_Files\demBig_0.048.post.msh
demBig_Post_Files\demBig_0.048.post.res
demBig_Post_Files\demBig_0.049.post.msh
demBig_Post_Files\demBig_0.049.post.res
demBig_Post_Files\demBig_0.05.post.msh
demBig_Post_Files\demBig_0.05.post.res
demBig_Post_Files\demBig_0.051.post.msh
demBig_Post_Files\demBig_0.051.post.res
demBig_Post_Files\demBig_0.052.post.msh
demBig_Post_Files\demBig_0.052.post.res
demBig_Post_Files\demBig_0.053.post.msh
demBig_Post_Files\demBig_0.053.post.res
demBig_Post_Files\demBig_0.054.post.msh
demBig_Post_Files\demBig_0.054.post.res
demBig_Post_Files\demBig_0.055.post.msh
demBig_Post_Files\demBig_0.055.post.res
demBig_Post_Files\demBig_0.056.post.msh
demBig_Post_Files\demBig_0.056.post.res
demBig_Post_Files\demBig_0.057.post.msh
demBig_Post_Files\demBig_0.057.post.res
demBig_Post_Files\demBig_0.058.post.msh
demBig_Post_Files\demBig_0.058.post.res
demBig_Post_Files\demBig_0.059.post.msh
demBig_Post_Files\demBig_0.059.post.res
demBig_Post_Files\demBig_0.06.post.msh
demBig_Post_Files\demBig_0.06.post.res
demBig_Post_Files\demBig_0.061.post.msh
demBig_Post_Files\demBig_0.061.post.res
demBig_Post_Files\demBig_0.062.post.msh
demBig_Post_Files\demBig_0.062.post.res
demBig_Post_Files\demBig_0.063.post.msh
demBig_Post_Files\demBig_0.063.post.res
demBig_Post_Files\demBig_0.064.post.msh
demBig_Post_Files\demBig_0.064.post.res
demBig_Post_Files\demBig_0.065.post.msh
demBig_Post_Files\demBig_0.065.post.res
demBig_Post_Files\demBig_0.066.post.msh
demBig_Post_Files\demBig_0.066.post.res
demBig_Post_Files\demBig_0.067.post.msh
demBig_Post_Files\demBig_0.067.post.res
demBig_Post_Files\demBig_0.068.post.msh
demBig_Post_Files\demBig_0.068.post.res
demBig_Post_Files\demBig_0.069.post.msh
demBig_Post_Files\demBig_0.069.post.res
demBig_Post_Files\demBig_0.07.post.msh
demBig_Post_Files\demBig_0.07.post.res
demBig_Post_Files\demBig_0.071.post.msh
demBig_Post_Files\demBig_0.071.post.res
demBig_Post_Files\demBig_0.072.post.msh
demBig_Post_Files\demBig_0.072.post.res
demBig_Post_Files\demBig_0.073.post.msh
demBig_Post_Files\demBig_0.073.post.res
demBig_Post_Files\demBig_0.074.post.msh
demBig_Post_Files\demBig_0.074.post.res
demBig_Post_Files\demBig_0.075.post.msh
demBig_Post_Files\demBig_0.075.post.res
demBig_Post_Files\demBig_0.076.post.msh
demBig_Post_Files\demBig_0.076.post.res
demBig_Post_Files\demBig_0.077.post.msh
demBig_Post_Files\demBig_0.077.post.res
demBig_Post_Files\demBig_0.078.post.msh
demBig_Post_Files\demBig_0.078.post.res
demBig_Post_Files\demBig_0.079.post.msh
demBig_Post_Files\demBig_0.079.post.res
demBig_Post_Files\demBig_0.08.post.msh
demBig_Post_Files\demBig_0.08.post.res
demBig_Post_Files\demBig_0.081.post.msh
demBig_Post_Files\demBig_0.081.post.res
demBig_Post_Files\demBig_0.082.post.msh
demBig_Post_Files\demBig_0.082.post.res
demBig_Post_Files\demBig_0.083.post.msh
demBig_Post_Files\demBig_0.083.post.res
demBig_Post_Files\demBig_0.084.post.msh
demBig_Post_Files\demBig_0.084.post.res
demBig_Post_Files\demBig_0.085.post.msh
demBig_Post_Files\demBig_0.085.post.res
demBig_Post_Files\demBig_0.086.post.msh
demBig_Post_Files\demBig_0.086.post.res
demBig_Post_Files\demBig_0.087.post.msh
demBig_Post_Files\demBig_0.087.post.res
demBig_Post_Files\demBig_0.088.post.msh
demBig_Post_Files\demBig_0.088.post.res
demBig_Post_Files\demBig_0.089.post.msh
demBig_Post_Files\demBig_0.089.post.res
demBig_Post_Files\demBig_0.09.post.msh
demBig_Post_Files\demBig_0.09.post.res
demBig_Post_Files\demBig_0.091.post.msh
demBig_Post_Files\demBig_0.091.post.res
demBig_Post_Files\demBig_0.092.post.msh
demBig_Post_Files\demBig_0.092.post.res
demBig_Post_Files\demBig_0.093.post.msh
demBig_Post_Files\demBig_0.093.post.res
demBig_Post_Files\demBig_0.094.post.msh
demBig_Post_Files\demBig_0.094.post.res
demBig_Post_Files\demBig_0.095.post.msh
demBig_Post_Files\demBig_0.095.post.res
demBig_Post_Files\demBig_0.096.post.msh
demBig_Post_Files\demBig_0.096.post.res
demBig_Post_Files\demBig_0.097.post.msh
demBig_Post_Files\demBig_0.097.post.res
demBig_Post_Files\demBig_0.098.post.msh
demBig_Post_Files\demBig_0.098.post.res
demBig_Post_Files\demBig_0.099.post.msh
demBig_Post_Files\demBig_0.099.post.res
demBig_Post_Files\demBig_0.1.post.msh
demBig_Post_Files\demBig_0.1.post.res
demBig_Post_Files\demBig_0.101.post.msh
demBig_Post_Files\demBig_0.101.post.res
demBig_Post_Files\demBig_0.102.post.msh
demBig_Post_Files\demBig_0.102.post.res
demBig_Post_Files\demBig_0.103.post.msh
demBig_Post_Files\demBig_0.103.post.res
demBig_Post_Files\demBig_0.104.post.msh
demBig_Post_Files\demBig_0.104.post.res
demBig_Post_Files\demBig_0.105.post.msh
demBig_Post_Files\demBig_0.105.post.res
demBig_Post_Files\demBig_0.106.post.msh
demBig_Post_Files\demBig_0.106.post.res
demBig_Post_Files\demBig_0.107.post.msh
demBig_Post_Files\demBig_0.107.post.res
demBig_Post_Files\demBig_0.108.post.msh
demBig_Post_Files\demBig_0.108.post.res
demBig_Post_Files\demBig_0.109.post.msh
demBig_Post_Files\demBig_0.109.post.res
demBig_Post_Files\demBig_0.11.post.msh
demBig_Post_Files\demBig_0.11.post.res
demBig_Post_Files\demBig_0.111.post.msh
demBig_Post_Files\demBig_0.111.post.res
demBig_Post_Files\demBig_0.112.post.msh
demBig_Post_Files\demBig_0.112.post.res
demBig_Post_Files\demBig_0.113.post.msh
demBig_Post_Files\demBig_0.113.post.res
demBig_Post_Files\demBig_0.114.post.msh
demBig_Post_Files\demBig_0.114.post.res
demBig_Post_Files\demBig_0.115.post.msh
demBig_Post_Files\demBig_0.115.post.res
demBig_Post_Files\demBig_0.116.post.msh
demBig_Post_Files\demBig_0.116.post.res
demBig_Post_Files\demBig_0.117.post.msh
demBig_Post_Files\demBig_0.117.post.res
demBig_Post_Files\demBig_0.118.post.msh
demBig_Post_Files\demBig_0.118.post.res
demBig_Post_Files\demBig_0.119.post.msh
demBig_Post_Files\demBig_0.119.post.res
demBig_Post_Files\demBig_0.12.post.msh
demBig_Post_Files\demBig_0.12.post.res
demBig_Post_Files\demBig_0.121.post.msh
demBig_Post_Files\demBig_0.121.post.res
demBig_Post_Files\demBig_0.122.post.msh
demBig_Post_Files\demBig_0.122.post.res
demBig_Post_Files\demBig_0.123.post.msh
demBig_Post_Files\demBig_0.123.post.res
demBig_Post_Files\demBig_0.124.post.msh
demBig_Post_Files\demBig_0.124.post.res
demBig_Post_Files\demBig_0.125.post.msh
demBig_Post_Files\demBig_0.125.post.res
demBig_Post_Files\demBig_0.126.post.msh
demBig_Post_Files\demBig_0.126.post.res
demBig_Post_Files\demBig_0.127.post.msh
demBig_Post_Files\demBig_0.127.post.res
demBig_Post_Files\demBig_0.128.post.msh
demBig_Post_Files\demBig_0.128.post.res
demBig_Post_Files\demBig_0.129.post.msh
demBig_Post_Files\demBig_0.129.post.res
demBig_Post_Files\demBig_0.13.post.msh
demBig_Post_Files\demBig_0.13.post.res
demBig_Post_Files\demBig_0.131.post.msh
demBig_Post_Files\demBig_0.131.post.res
demBig_Post_Files\demBig_0.132.post.msh
demBig_Post_Files\demBig_0.132.post.res
demBig_Post_Files\demBig_0.133.post.msh
demBig_Post_Files\demBig_0.133.post.res
demBig_Post_Files\demBig_0.134.post.msh
demBig_Post_Files\demBig_0.134.post.res
demBig_Post_Files\demBig_0.135.post.msh
demBig_Post_Files\demBig_0.135.post.res
demBig_Post_Files\demBig_0.136.post.msh
demBig_Post_Files\demBig_0.136.post.res
demBig_Post_Files\demBig_0.137.post.msh
demBig_Post_Files\demBig_0.137.post.res
demBig_Post_Files\demBig_0.138.post.msh
demBig_Post_Files\demBig_0.138.post.res
demBig_Post_Files\demBig_0.139.post.msh
demBig_Post_Files\demBig_0.139.post.res
demBig_Post_Files\demBig_0.14.post.msh
demBig_Post_Files\demBig_0.14.post.res
demBig_Post_Files\demBig_0.141.post.msh
demBig_Post_Files\demBig_0.141.post.res
demBig_Post_Files\demBig_0.142.post.msh
demBig_Post_Files\demBig_0.142.post.res
demBig_Post_Files\demBig_0.143.post.msh
demBig_Post_Files\demBig_0.143.post.res
demBig_Post_Files\demBig_0.144.post.msh
demBig_Post_Files\demBig_0.144.post.res
demBig_Post_Files\demBig_0.145.post.msh
demBig_Post_Files\demBig_0.145.post.res
demBig_Post_Files\demBig_0.146.post.msh
demBig_Post_Files\demBig_0.146.post.res
demBig_Post_Files\demBig_0.147.post.msh
demBig_Post_Files\demBig_0.147.post.res
demBig_Post_Files\demBig_0.148.post.msh
demBig_Post_Files\demBig_0.148.post.res
demBig_Post_Files\demBig_0.149.post.msh
demBig_Post_Files\demBig_0.149.post.res
demBig_Post_Files\demBig_0.15.post.msh
demBig_Post_Files\demBig_0.15.post.res
demBig_Post_Files\demBig_0.151.post.msh
demBig_Post_Files\demBig_0.151.post.res
demBig_Post_Files\demBig_0.152.post.msh
demBig_Post_Files\demBig_0.152.post.res
demBig_Post_Files\demBig_0.153.post.msh
demBig_Post_Files\demBig_0.153.post.res
demBig_Post_Files\demBig_0.154.post.msh
demBig_Post_Files\demBig_0.154.post.res
demBig_Post_Files\demBig_0.155.post.msh
demBig_Post_Files\demBig_0.155.post.res
demBig_Post_Files\demBig_0.156.post.msh
demBig_Post_Files\demBig_0.156.post.res
demBig_Post_Files\demBig_0.157.post.msh
demBig_Post_Files\demBig_0.157.post.res
demBig_Post_Files\demBig_0.158.post.msh
demBig_Post_Files\demBig_0.158.post.res
demBig_Post_Files\demBig_0.159.post.msh
demBig_Post_Files\demBig_0.159.post.res
demBig_Post_Files\demBig_0.16.post.msh
demBig_Post_Files\demBig_0.16.post.res
demBig_Post_Files\demBig_0.161.post.msh
demBig_Post_Files\demBig_0.161.post.res
demBig_Post_Files\demBig_0.162.post.msh
demBig_Post_Files\demBig_0.162.post.res
demBig_Post_Files\demBig_0.163.post.msh
demBig_Post_Files\demBig_0.163.post.res
demBig_Post_Files\demBig_0.164.post.msh
demBig_Post_Files\demBig_0.164.post.res
demBig_Post_Files\demBig_0.165.post.msh
demBig_Post_Files\demBig_0.165.post.res
demBig_Post_Files\demBig_0.166.post.msh
demBig_Post_Files\demBig_0.166.post.res
demBig_Post_Files\demBig_0.167.post.msh
demBig_Post_Files\demBig_0.167.post.res
demBig_Post_Files\demBig_0.168.post.msh
demBig_Post_Files\demBig_0.168.post.res
demBig_Post_Files\demBig_0.169.post.msh
demBig_Post_Files\demBig_0.169.post.res
demBig_Post_Files\demBig_0.17.post.msh
demBig_Post_Files\demBig_0.17.post.res
demBig_Post_Files\demBig_0.171.post.msh
demBig_Post_Files\demBig_0.171.post.res
demBig_Post_Files\demBig_0.172.post.msh
demBig_Post_Files\demBig_0.172.post.res
demBig_Post_Files\demBig_0.173.post.msh
demBig_Post_Files\demBig_0.173.post.res
demBig_Post_Files\demBig_0.174.post.msh
demBig_Post_Files\demBig_0.174.post.res
demBig_Post_Files\demBig_0.175.post.msh
demBig_Post_Files\demBig_0.175.post.res
demBig_Post_Files\demBig_0.176.post.msh
demBig_Post_Files\demBig_0.176.post.res
demBig_Post_Files\demBig_0.177.post.msh
demBig_Post_Files\demBig_0.177.post.res
demBig_Post_Files\demBig_0.178.post.msh
demBig_Post_Files\demBig_0.178.post.res
demBig_Post_Files\demBig_0.179.post.msh
demBig_Post_Files\demBig_0.179.post.res
demBig_Post_Files\demBig_0.18.post.msh
demBig_Post_Files\demBig_0.18.post.res
demBig_Post_Files\demBig_0.181.post.msh
demBig_Post_Files\demBig_0.181.post.res
demBig_Post_Files\demBig_0.182.post.msh
demBig_Post_Files\demBig_0.182.post.res
demBig_Post_Files\demBig_0.183.post.msh
demBig_Post_Files\demBig_0.183.post.res
demBig_Post_Files\demBig_0.184.post.msh
demBig_Post_Files\demBig_0.184.post.res
demBig_Post_Files\demBig_0.185.post.msh
demBig_Post_Files\demBig_0.185.post.res
demBig_Post_Files\demBig_0.186.post.msh
demBig_Post_Files\demBig_0.186.post.res
demBig_Post_Files\demBig_0.187.post.msh
demBig_Post_Files\demBig_0.187.post.res
demBig_Post_Files\demBig_0.188.post.msh
demBig_Post_Files\demBig_0.188.post.res
demBig_Post_Files\demBig_0.189.post.msh
demBig_Post_Files\demBig_0.189.post.res
demBig_Post_Files\demBig_0.19.post.msh
demBig_Post_Files\demBig_0.19.post.res
demBig_Post_Files\demBig_0.191.post.msh
demBig_Post_Files\demBig_0.191.post.res
demBig_Post_Files\demBig_0.192.post.msh
demBig_Post_Files\demBig_0.192.post.res
demBig_Post_Files\demBig_0.193.post.msh
demBig_Post_Files\demBig_0.193.post.res
demBig_Post_Files\demBig_0.194.post.msh
demBig_Post_Files\demBig_0.194.post.res
demBig_Post_Files\demBig_0.195.post.msh
demBig_Post_Files\demBig_0.195.post.res
demBig_Post_Files\demBig_0.196.post.msh
demBig_Post_Files\demBig_0.196.post.res
demBig_Post_Files\demBig_0.197.post.msh
demBig_Post_Files\demBig_0.197.post.res
demBig_Post_Files\demBig_0.198.post.msh
demBig_Post_Files\demBig_0.198.post.res
demBig_Post_Files\demBig_0.199.post.msh
demBig_Post_Files\demBig_0.199.post.res
demBig_Post_Files\demBig_0.2.post.msh
demBig_Post_Files\demBig_0.2.post.res
demBig_Post_Files\demBig_0.201.post.msh
demBig_Post_Files\demBig_0.201.post.res
demBig_Post_Files\demBig_0.202.post.msh
demBig_Post_Files\demBig_0.202.post.res
demBig_Post_Files\demBig_0.203.post.msh
demBig_Post_Files\demBig_0.203.post.res
demBig_Post_Files\demBig_0.204.post.msh
demBig_Post_Files\demBig_0.204.post.res
demBig_Post_Files\demBig_0.205.post.msh
demBig_Post_Files\demBig_0.205.post.res
demBig_Post_Files\demBig_0.206.post.msh
demBig_Post_Files\demBig_0.206.post.res
demBig_Post_Files\demBig_0.207.post.msh
demBig_Post_Files\demBig_0.207.post.res
demBig_Post_Files\demBig_0.208.post.msh
demBig_Post_Files\demBig_0.208.post.res
demBig_Post_Files\demBig_0.209.post.msh
demBig_Post_Files\demBig_0.209.post.res
demBig_Post_Files\demBig_0.21.post.msh
demBig_Post_Files\demBig_0.21.post.res
demBig_Post_Files\demBig_0.211.post.msh
demBig_Post_Files\demBig_0.211.post.res
demBig_Post_Files\demBig_0.212.post.msh
demBig_Post_Files\demBig_0.212.post.res
demBig_Post_Files\demBig_0.213.post.msh
demBig_Post_Files\demBig_0.213.post.res
demBig_Post_Files\demBig_0.214.post.msh
demBig_Post_Files\demBig_0.214.post.res
demBig_Post_Files\demBig_0.215.post.msh
demBig_Post_Files\demBig_0.215.post.res
demBig_Post_Files\demBig_0.216.post.msh
demBig_Post_Files\demBig_0.216.post.res
demBig_Post_Files\demBig_0.217.post.msh
demBig_Post_Files\demBig_0.217.post.res
demBig_Post_Files\demBig_0.218.post.msh
demBig_Post_Files\demBig_0.218.post.res
demBig_Post_Files\demBig_0.219.post.msh
demBig_Post_Files\demBig_0.219.post.res
demBig_Post_Files\demBig_0.22.post.msh
demBig_Post_Files\demBig_0.22.post.res
demBig_Post_Files\demBig_0.221.post.msh
demBig_Post_Files\demBig_0.221.post.res
demBig_Post_Files\demBig_0.222.post.msh
demBig_Post_Files\demBig_0.222.post.res
demBig_Post_Files\demBig_0.223.post.msh
demBig_Post_Files\demBig_0.223.post.res
demBig_Post_Files\demBig_0.224.post.msh
demBig_Post_Files\demBig_0.224.post.res
demBig_Post_Files\demBig_0.225.post.msh
demBig_Post_Files\demBig_0.225.post.res
demBig_Post_Files\demBig_0.226.post.msh
demBig_Post_Files\demBig_0.226.post.res
demBig_Post_Files\demBig_0.227.post.msh
demBig_Post_Files\demBig_0.227.post.res
demBig_Post_Files\demBig_0.228.post.msh
demBig_Post_Files\demBig_0.228.post.res
demBig_Post_Files\demBig_0.229.post.msh
demBig_Post_Files\demBig_0.229.post.res
demBig_Post_Files\demBig_0.23.post.msh
demBig_Post_Files\demBig_0.23.post.res
demBig_Post_Files\demBig_0.231.post.msh
demBig_Post_Files\demBig_0.231.post.res
demBig_Post_Files\demBig_0.232.post.msh
demBig_Post_Files\demBig_0.232.post.res
demBig_Post_Files\demBig_0.233.post.msh
demBig_Post_Files\demBig_0.233.post.res
demBig_Post_Files\demBig_0.234.post.msh
demBig_Post_Files\demBig_0.234.post.res
demBig_Post_Files\demBig_0.235.post.msh
demBig_Post_Files\demBig_0.235.post.res
demBig_Post_Files\demBig_0.236.post.msh
demBig_Post_Files\demBig_0.236.post.res
demBig_Post_Files\demBig_0.237.post.msh
demBig_Post_Files\demBig_0.237.post.res
demBig_Post_Files\demBig_0.238.post.msh
demBig_Post_Files\demBig_0.238.post.res
demBig_Post_Files\demBig_0.239.post.msh
demBig_Post_Files\demBig_0.239.post.res
demBig_Post_Files\demBig_0.24.post.msh
demBig_Post_Files\demBig_0.24.post.res
demBig_Post_Files\demBig_0.241.post.msh
demBig_Post_Files\demBig_0.241.post.res
demBig_Post_Files\demBig_0.242.post.msh
demBig_Post_Files\demBig_0.242.post.res
demBig_Post_Files\demBig_0.243.post.msh
demBig_Post_Files\demBig_0.243.post.res
demBig_Post_Files\demBig_0.244.post.msh
demBig_Post_Files\demBig_0.244.post.res
demBig_Post_Files\demBig_0.245.post.msh
demBig_Post_Files\demBig_0.245.post.res
demBig_Post_Files\demBig_0.246.post.msh
demBig_Post_Files\demBig_0.246.post.res
demBig_Post_Files\demBig_0.247.post.msh
demBig_Post_Files\demBig_0.247.post.res
demBig_Post_Files\demBig_0.248.post.msh
demBig_Post_Files\demBig_0.248.post.res
demBig_Post_Files\demBig_0.249.post.msh
demBig_Post_Files\demBig_0.249.post.res
demBig_Post_Files\demBig_0.25.post.msh
demBig_Post_Files\demBig_0.25.post.res
demBig_Post_Files\demBig_0.251.post.msh
demBig_Post_Files\demBig_0.251.post.res
demBig_Post_Files\demBig_0.252.post.msh
demBig_Post_Files\demBig_0.252.post.res
demBig_Post_Files\demBig_0.253.post.msh
demBig_Post_Files\demBig_0.253.post.res
demBig_Post_Files\demBig_0.254.post.msh
demBig_Post_Files\demBig_0.254.post.res
demBig_Post_Files\demBig_0.255.post.msh
demBig_Post_Files\demBig_0.255.post.res
demBig_Post_Files\demBig_0.256.post.msh
demBig_Post_Files\demBig_0.256.post.res
demBig_Post_Files\demBig_0.257.post.msh
demBig_Post_Files\demBig_0.257.post.res
demBig_Post_Files\demBig_0.258.post.msh
demBig_Post_Files\demBig_0.258.post.res
demBig_Post_Files\demBig_0.259.post.msh
demBig_Post_Files\demBig_0.259.post.res
demBig_Post_Files\demBig_0.26.post.msh
demBig_Post_Files\demBig_0.26.post.res
demBig_Post_Files\demBig_0.261.post.msh
demBig_Post_Files\demBig_0.261.post.res
demBig_Post_Files\demBig_0.262.post.msh
demBig_Post_Files\demBig_0.262.post.res
demBig_Post_Files\demBig_0.263.post.msh
demBig_Post_Files\demBig_0.263.post.res
demBig_Post_Files\demBig_0.264.post.msh
demBig_Post_Files\demBig_0.264.post.res
demBig_Post_Files\demBig_0.265.post.msh
demBig_Post_Files\demBig_0.265.post.res
demBig_Post_Files\demBig_0.266.post.msh
demBig_Post_Files\demBig_0.266.post.res
demBig_Post_Files\demBig_0.267.post.msh
demBig_Post_Files\demBig_0.267.post.res
demBig_Post_Files\demBig_0.268.post.msh
demBig_Post_Files\demBig_0.268.post.res
demBig_Post_Files\demBig_0.269.post.msh
demBig_Post_Files\demBig_0.269.post.res
demBig_Post_Files\demBig_0.27.post.msh
demBig_Post_Files\demBig_0.27.post.res
demBig_Post_Files\demBig_0.271.post.msh
demBig_Post_Files\demBig_0.271.post.res
demBig_Post_Files\demBig_0.272.post.msh
demBig_Post_Files\demBig_0.272.post.res
demBig_Post_Files\demBig_0.273.post.msh
demBig_Post_Files\demBig_0.273.post.res
demBig_Post_Files\demBig_0.274.post.msh
demBig_Post_Files\demBig_0.274.post.res
demBig_Post_Files\demBig_0.275.post.msh
demBig_Post_Files\demBig_0.275.post.res
demBig_Post_Files\demBig_0.276.post.msh
demBig_Post_Files\demBig_0.276.post.res
demBig_Post_Files\demBig_0.277.post.msh
demBig_Post_Files\demBig_0.277.post.res
demBig_Post_Files\demBig_0.278.post.msh
demBig_Post_Files\demBig_0.278.post.res
demBig_Post_Files\demBig_0.279.post.msh
demBig_Post_Files\demBig_0.279.post.res
demBig_Post_Files\demBig_0.28.post.msh
demBig_Post_Files\demBig_0.28.post.res
demBig_Post_Files\demBig_0.281.post.msh
demBig_Post_Files\demBig_0.281.post.res
demBig_Post_Files\demBig_0.282.post.msh
demBig_Post_Files\demBig_0.282.post.res
demBig_Post_Files\demBig_0.283.post.msh
demBig_Post_Files\demBig_0.283.post.res
demBig_Post_Files\demBig_0.284.post.msh
demBig_Post_Files\demBig_0.284.post.res
demBig_Post_Files\demBig_0.285.post.msh
demBig_Post_Files\demBig_0.285.post.res
demBig_Post_Files\demBig_0.286.post.msh
demBig_Post_Files\demBig_0.286.post.res
demBig_Post_Files\demBig_0.287.post.msh
demBig_Post_Files\demBig_0.287.post.res
demBig_Post_Files\demBig_0.288.post.msh
demBig_Post_Files\demBig_0.288.post.res
demBig_Post_Files\demBig_0.289.post.msh
demBig_Post_Files\demBig_0.289.post.res
demBig_Post_Files\demBig_0.29.post.msh
demBig_Post_Files\demBig_0.29.post.res
demBig_Post_Files\demBig_0.291.post.msh
demBig_Post_Files\demBig_0.291.post.res
demBig_Post_Files\demBig_0.292.post.msh
demBig_Post_Files\demBig_0.292.post.res
demBig_Post_Files\demBig_0.293.post.msh
demBig_Post_Files\demBig_0.293.post.res
demBig_Post_Files\demBig_0.294.post.msh
demBig_Post_Files\demBig_0.294.post.res
demBig_Post_Files\demBig_0.295.post.msh
demBig_Post_Files\demBig_0.295.post.res
demBig_Post_Files\demBig_0.296.post.msh
demBig_Post_Files\demBig_0.296.post.res
demBig_Post_Files\demBig_0.297.post.msh
demBig_Post_Files\demBig_0.297.post.res
demBig_Post_Files\demBig_0.298.post.msh
demBig_Post_Files\demBig_0.298.post.res
demBig_Post_Files\demBig_0.299.post.msh
demBig_Post_Files\demBig_0.299.post.res
demBig_Post_Files\demBig_0.3.post.msh
demBig_Post_Files\demBig_0.3.post.res
demBig_Post_Files\demBig_0.301.post.msh
demBig_Post_Files\demBig_0.301.post.res
demBig_Post_Files\demBig_0.302.post.msh
demBig_Post_Files\demBig_0.302.post.res
demBig_Post_Files\demBig_0.303.post.msh
demBig_Post_Files\demBig_0.303.post.res
demBig_Post_Files\demBig_0.304.post.msh
demBig_Post_Files\demBig_0.304.post.res
demBig_Post_Files\demBig_0.305.post.msh
demBig_Post_Files\demBig_0.305.post.res
demBig_Post_Files\demBig_0.306.post.msh
demBig_Post_Files\demBig_0.306.post.res
demBig_Post_Files\demBig_0.307.post.msh
demBig_Post_Files\demBig_0.307.post.res
demBig_Post_Files\demBig_0.308.post.msh
demBig_Post_Files\demBig_0.308.post.res
demBig_Post_Files\demBig_0.309.post.msh
demBig_Post_Files\demBig_0.309.post.res
demBig_Post_Files\demBig_0.31.post.msh
demBig_Post_Files\demBig_0.31.post.res
demBig_Post_Files\demBig_0.311.post.msh
demBig_Post_Files\demBig_0.311.post.res
demBig_Post_Files\demBig_0.312.post.msh
demBig_Post_Files\demBig_0.312.post.res
demBig_Post_Files\demBig_0.313.post.msh
demBig_Post_Files\demBig_0.313.post.res
demBig_Post_Files\demBig_0.314.post.msh
demBig_Post_Files\demBig_0.314.post.res
demBig_Post_Files\demBig_0.315.post.msh
demBig_Post_Files\demBig_0.315.post.res
demBig_Post_Files\demBig_0.316.post.msh
demBig_Post_Files\demBig_0.316.post.res
demBig_Post_Files\demBig_0.317.post.msh
demBig_Post_Files\demBig_0.317.post.res
demBig_Post_Files\demBig_0.318.post.msh
demBig_Post_Files\demBig_0.318.post.res
demBig_Post_Files\demBig_0.319.post.msh
demBig_Post_Files\demBig_0.319.post.res
demBig_Post_Files\demBig_0.32.post.msh
demBig_Post_Files\demBig_0.32.post.res
demBig_Post_Files\demBig_0.321.post.msh
demBig_Post_Files\demBig_0.321.post.res
demBig_Post_Files\demBig_0.322.post.msh
demBig_Post_Files\demBig_0.322.post.res
demBig_Post_Files\demBig_0.323.post.msh
demBig_Post_Files\demBig_0.323.post.res
demBig_Post_Files\demBig_0.324.post.msh
demBig_Post_Files\demBig_0.324.post.res
demBig_Post_Files\demBig_0.325.post.msh
demBig_Post_Files\demBig_0.325.post.res
demBig_Post_Files\demBig_0.326.post.msh
demBig_Post_Files\demBig_0.326.post.res
demBig_Post_Files\demBig_0.327.post.msh
demBig_Post_Files\demBig_0.327.post.res
demBig_Post_Files\demBig_0.328.post.msh
demBig_Post_Files\demBig_0.328.post.res
demBig_Post_Files\demBig_0.329.post.msh
demBig_Post_Files\demBig_0.329.post.res
demBig_Post_Files\demBig_0.33.post.msh
demBig_Post_Files\demBig_0.33.post.res
demBig_Post_Files\demBig_0.331.post.msh
demBig_Post_Files\demBig_0.331.post.res
demBig_Post_Files\demBig_0.332.post.msh
demBig_Post_Files\demBig_0.332.post.res
demBig_Post_Files\demBig_0.333.post.msh
demBig_Post_Files\demBig_0.333.post.res
demBig_Post_Files\demBig_0.334.post.msh
demBig_Post_Files\demBig_0.334.post.res
demBig_Post_Files\demBig_0.335.post.msh
demBig_Post_Files\demBig_0.335.post.res
demBig_Post_Files\demBig_0.336.post.msh
demBig_Post_Files\demBig_0.336.post.res
demBig_Post_Files\demBig_0.337.post.msh
demBig_Post_Files\demBig_0.337.post.res
demBig_Post_Files\demBig_0.338.post.msh
demBig_Post_Files\demBig_0.338.post.res
demBig_Post_Files\demBig_0.339.post.msh
demBig_Post_Files\demBig_0.339.post.res
demBig_Post_Files\demBig_0.34.post.msh
demBig_Post_Files\demBig_0.34.post.res
demBig_Post_Files\demBig_0.341.post.msh
demBig_Post_Files\demBig_0.341.post.res
demBig_Post_Files\demBig_0.342.post.msh
demBig_Post_Files\demBig_0.342.post.res
demBig_Post_Files\demBig_0.343.post.msh
demBig_Post_Files\demBig_0.343.post.res
demBig_Post_Files\demBig_0.344.post.msh
demBig_Post_Files\demBig_0.344.post.res
demBig_Post_Files\demBig_0.345.post.msh
demBig_Post_Files\demBig_0.345.post.res
demBig_Post_Files\demBig_0.346.post.msh
demBig_Post_Files\demBig_0.346.post.res
demBig_Post_Files\demBig_0.347.post.msh
demBig_Post_Files\demBig_0.347.post.res
demBig_Post_Files\demBig_0.348.post.msh
demBig_Post_Files\demBig_0.348.post.res
demBig_Post_Files\demBig_0.349.post.msh
demBig_Post_Files\demBig_0.349.post.res
demBig_Post_Files\demBig_0.35.post.msh
demBig_Post_Files\demBig_0.35.post.res
demBig_Post_Files\demBig_0.351.post.msh
demBig_Post_Files\demBig_0.351.post.res
demBig_Post_Files\demBig_0.352.post.msh
demBig_Post_Files\demBig_0.352.post.res
demBig_Post_Files\demBig_0.353.post.msh
demBig_Post_Files\demBig_0.353.post.res
demBig_Post_Files\demBig_0.354.post.msh
demBig_Post_Files\demBig_0.354.post.res
demBig_Post_Files\demBig_0.355.post.msh
demBig_Post_Files\demBig_0.355.post.res
demBig_Post_Files\demBig_0.356.post.msh
demBig_Post_Files\demBig_0.356.post.res
demBig_Post_Files\demBig_0.357.post.msh
demBig_Post_Files\demBig_0.357.post.res
demBig_Post_Files\demBig_0.358.post.msh
demBig_Post_Files\demBig_0.358.post.res
demBig_Post_Files\demBig_0.359.post.msh
demBig_Post_Files\demBig_0.359.post.res
demBig_Post_Files\demBig_0.36.post.msh
demBig_Post_Files\demBig_0.36.post.res
demBig_Post_Files\demBig_0.361.post.msh
demBig_Post_Files\demBig_0.361.post.res
demBig_Post_Files\demBig_0.362.post.msh
demBig_Post_Files\demBig_0.362.post.res
demBig_Post_Files\demBig_0.363.post.msh
demBig_Post_Files\demBig_0.363.post.res
demBig_Post_Files\demBig_0.364.post.msh
demBig_Post_Files\demBig_0.364.post.res
demBig_Post_Files\demBig_0.365.post.msh
demBig_Post_Files\demBig_0.365.post.res
demBig_Post_Files\demBig_0.366.post.msh
demBig_Post_Files\demBig_0.366.post.res
demBig_Post_Files\demBig_0.367.post.msh
demBig_Post_Files\demBig_0.367.post.res
demBig_Post_Files\demBig_0.368.post.msh
demBig_Post_Files\demBig_0.368.post.res
demBig_Post_Files\demBig_0.369.post.msh
demBig_Post_Files\demBig_0.369.post.res
demBig_Post_Files\demBig_0.37.post.msh
demBig_Post_Files\demBig_0.37.post.res
demBig_Post_Files\demBig_0.371.post.msh
demBig_Post_Files\demBig_0.371.post.res
demBig_Post_Files\demBig_0.372.post.msh
demBig_Post_Files\demBig_0.372.post.res
demBig_Post_Files\demBig_0.373.post.msh
demBig_Post_Files\demBig_0.373.post.res
demBig_Post_Files\demBig_0.374.post.msh
demBig_Post_Files\demBig_0.374.post.res
demBig_Post_Files\demBig_0.375.post.msh
demBig_Post_Files\demBig_0.375.post.res
demBig_Post_Files\demBig_0.376.post.msh
demBig_Post_Files\demBig_0.376.post.res
demBig_Post_Files\demBig_0.377.post.msh
demBig_Post_Files\demBig_0.377.post.res
demBig_Post_Files\demBig_0.378.post.msh
demBig_Post_Files\demBig_0.378.post.res
demBig_Post_Files\demBig_0.379.post.msh
demBig_Post_Files\demBig_0.379.post.res
demBig_Post_Files\demBig_0.38.post.msh
demBig_Post_Files\demBig_0.38.post.res
demBig_Post_Files\demBig_0.381.post.msh
demBig_Post_Files\demBig_0.381.post.res
demBig_Post_Files\demBig_0.382.post.msh
demBig_Post_Files\demBig_0.382.post.res
demBig_Post_Files\demBig_0.383.post.msh
demBig_Post_Files\demBig_0.383.post.res
demBig_Post_Files\demBig_0.384.post.msh
demBig_Post_Files\demBig_0.384.post.res
demBig_Post_Files\demBig_0.385.post.msh
demBig_Post_Files\demBig_0.385.post.res
demBig_Post_Files\demBig_0.386.post.msh
demBig_Post_Files\demBig_0.386.post.res
demBig_Post_Files\demBig_0.387.post.msh
demBig_Post_Files\demBig_0.387.post.res
demBig_Post_Files\demBig_0.388.post.msh
demBig_Post_Files\demBig_0.388.post.res
demBig_Post_Files\demBig_0.389.post.msh
demBig_Post_Files\demBig_0.389.post.res
demBig_Post_Files\demBig_0.39.post.msh
demBig_Post_Files\demBig_0.39.post.res
demBig_Post_Files\demBig_0.391.post.msh
demBig_Post_Files\demBig_0.391.post.res
demBig_Post_Files\demBig_0.392.post.msh
demBig_Post_Files\demBig_0.392.post.res
demBig_Post_Files\demBig_0.393.post.msh
demBig_Post_Files\demBig_0.393.post.res
demBig_Post_Files\demBig_0.394.post.msh
demBig_Post_Files\demBig_0.394.post.res
demBig_Post_Files\demBig_0.395.post.msh
demBig_Post_Files\demBig_0.395.post.res
demBig_Post_Files\demBig_0.396.post.msh
demBig_Post_Files\demBig_0.396.post.res
demBig_Post_Files\demBig_0.397.post.msh
demBig_Post_Files\demBig_0.397.post.res
demBig_Post_Files\demBig_0.398.post.msh
demBig_Post_Files\demBig_0.398.post.res
demBig_Post_Files\demBig_0.399.post.msh
demBig_Post_Files\demBig_0.399.post.res
demBig_Post_Files\demBig_0.4.post.msh
demBig_Post_Files\demBig_0.4.post.res
demBig_Post_Files\demBig_0.401.post.msh
demBig_Post_Files\demBig_0.401.post.res
demBig_Post_Files\demBig_0.402.post.msh
demBig_Post_Files\demBig_0.402.post.res
demBig_Post_Files\demBig_0.403.post.msh
demBig_Post_Files\demBig_0.403.post.res
demBig_Post_Files\demBig_0.404.post.msh
demBig_Post_Files\demBig_0.404.post.res
demBig_Post_Files\demBig_0.405.post.msh
demBig_Post_Files\demBig_0.405.post.res
demBig_Post_Files\demBig_0.406.post.msh
demBig_Post_Files\demBig_0.406.post.res
demBig_Post_Files\demBig_0.407.post.msh
demBig_Post_Files\demBig_0.407.post.res
demBig_Post_Files\demBig_0.408.post.msh
demBig_Post_Files\demBig_0.408.post.res
demBig_Post_Files\demBig_0.409.post.msh
demBig_Post_Files\demBig_0.409.post.res
demBig_Post_Files\demBig_0.41.post.msh
demBig_Post_Files\demBig_0.41.post.res
demBig_Post_Files\demBig_0.411.post.msh
demBig_Post_Files\demBig_0.411.post.res
demBig_Post_Files\demBig_0.412.post.msh
demBig_Post_Files\demBig_0.412.post.res
demBig_Post_Files\demBig_0.413.post.msh
demBig_Post_Files\demBig_0.413.post.res
demBig_Post_Files\demBig_0.414.post.msh
demBig_Post_Files\demBig_0.414.post.res
demBig_Post_Files\demBig_0.415.post.msh
demBig_Post_Files\demBig_0.415.post.res
demBig_Post_Files\demBig_0.416.post.msh
demBig_Post_Files\demBig_0.416.post.res
demBig_Post_Files\demBig_0.417.post.msh
demBig_Post_Files\demBig_0.417.post.res
demBig_Post_Files\demBig_0.418.post.msh
demBig_Post_Files\demBig_0.418.post.res
demBig_Post_Files\demBig_0.419.post.msh
demBig_Post_Files\demBig_0.419.post.res
demBig_Post_Files\demBig_0.42.post.msh
demBig_Post_Files\demBig_0.42.post.res
demBig_Post_Files\demBig_0.421.post.msh
demBig_Post_Files\demBig_0.421.post.res
demBig_Post_Files\demBig_0.422.post.msh
demBig_Post_Files\demBig_0.422.post.res
demBig_Post_Files\demBig_0.423.post.msh
demBig_Post_Files\demBig_0.423.post.res
demBig_Post_Files\demBig_0.424.post.msh
demBig_Post_Files\demBig_0.424.post.res
demBig_Post_Files\demBig_0.425.post.msh
demBig_Post_Files\demBig_0.425.post.res
demBig_Post_Files\demBig_0.426.post.msh
demBig_Post_Files\demBig_0.426.post.res
demBig_Post_Files\demBig_0.427.post.msh
demBig_Post_Files\demBig_0.427.post.res
demBig_Post_Files\demBig_0.428.post.msh
demBig_Post_Files\demBig_0.428.post.res
demBig_Post_Files\demBig_0.429.post.msh
demBig_Post_Files\demBig_0.429.post.res
demBig_Post_Files\demBig_0.43.post.msh
demBig_Post_Files\demBig_0.43.post.res
demBig_Post_Files\demBig_0.431.post.msh
demBig_Post_Files\demBig_0.431.post.res
demBig_Post_Files\demBig_0.432.post.msh
demBig_Post_Files\demBig_0.432.post.res
demBig_Post_Files\demBig_0.433.post.msh
demBig_Post_Files\demBig_0.433.post.res
demBig_Post_Files\demBig_0.434.post.msh
demBig_Post_Files\demBig_0.434.post.res
demBig_Post_Files\demBig_0.435.post.msh
demBig_Post_Files\demBig_0.435.post.res
demBig_Post_Files\demBig_0.436.post.msh
demBig_Post_Files\demBig_0.436.post.res
demBig_Post_Files\demBig_0.437.post.msh
demBig_Post_Files\demBig_0.437.post.res
demBig_Post_Files\demBig_0.438.post.msh
demBig_Post_Files\demBig_0.438.post.res
demBig_Post_Files\demBig_0.439.post.msh
demBig_Post_Files\demBig_0.439.post.res
demBig_Post_Files\demBig_0.44.post.msh
demBig_Post_Files\demBig_0.44.post.res
demBig_Post_Files\demBig_0.441.post.msh
demBig_Post_Files\demBig_0.441.post.res
demBig_Post_Files\demBig_0.442.post.msh
demBig_Post_Files\demBig_0.442.post.res
demBig_Post_Files\demBig_0.443.post.msh
demBig_Post_Files\demBig_0.443.post.res
demBig_Post_Files\demBig_0.444.post.msh
demBig_Post_Files\demBig_0.444.post.res
demBig_Post_Files\demBig_0.445.post.msh
demBig_Post_Files\demBig_0.445.post.res
demBig_Post_Files\demBig_0.446.post.msh
demBig_Post_Files\demBig_0.446.post.res
demBig_Post_Files\demBig_0.447.post.msh
demBig_Post_Files\demBig_0.447.post.res
demBig_Post_Files\demBig_0.448.post.msh
demBig_Post_Files\demBig_0.448.post.res
demBig_Post_Files\demBig_0.449.post.msh
demBig_Post_Files\demBig_0.449.post.res
demBig_Post_Files\demBig_0.45.post.msh
demBig_Post_Files\demBig_0.45.post.res
demBig_Post_Files\demBig_0.451.post.msh
demBig_Post_Files\demBig_0.451.post.res
demBig_Post_Files\demBig_0.452.post.msh
demBig_Post_Files\demBig_0.452.post.res
demBig_Post_Files\demBig_0.453.post.msh
demBig_Post_Files\demBig_0.453.post.res
demBig_Post_Files\demBig_0.454.post.msh
demBig_Post_Files\demBig_0.454.post.res
demBig_Post_Files\demBig_0.455.post.msh
demBig_Post_Files\demBig_0.455.post.res
demBig_Post_Files\demBig_0.456.post.msh
demBig_Post_Files\demBig_0.456.post.res
demBig_Post_Files\demBig_0.457.post.msh
demBig_Post_Files\demBig_0.457.post.res
demBig_Post_Files\demBig_0.458.post.msh
demBig_Post_Files\demBig_0.458.post.res
demBig_Post_Files\demBig_0.459.post.msh
demBig_Post_Files\demBig_0.459.post.res
demBig_Post_Files\demBig_0.46.post.msh
demBig_Post_Files\demBig_0.46.post.res
demBig_Post_Files\demBig_0.461.post.msh
demBig_Post_Files\demBig_0.461.post.res
demBig_Post_Files\demBig_0.462.post.msh
demBig_Post_Files\demBig_0.462.post.res
demBig_Post_Files\demBig_0.463.post.msh
demBig_Post_Files\demBig_0.463.post.res
demBig_Post_Files\demBig_0.464.post.msh
demBig_Post_Files\demBig_0.464.post.res
demBig_Post_Files\demBig_0.465.post.msh
demBig_Post_Files\demBig_0.465.post.res
demBig_Post_Files\demBig_0.466.post.msh
demBig_Post_Files\demBig_0.466.post.res
demBig_Post_Files\demBig_0.467.post.msh
demBig_Post_Files\demBig_0.467.post.res
demBig_Post_Files\demBig_0.468.post.msh
demBig_Post_Files\demBig_0.468.post.res
demBig_Post_Files\demBig_0.469.post.msh
demBig_Post_Files\demBig_0.469.post.res
demBig_Post_Files\demBig_0.47.post.msh
demBig_Post_Files\demBig_0.47.post.res
demBig_Post_Files\demBig_0.471.post.msh
demBig_Post_Files\demBig_0.471.post.res
demBig_Post_Files\demBig_0.472.post.msh
demBig_Post_Files\demBig_0.472.post.res
demBig_Post_Files\demBig_0.473.post.msh
demBig_Post_Files\demBig_0.473.post.res
demBig_Post_Files\demBig_0.474.post.msh
demBig_Post_Files\demBig_0.474.post.res
demBig_Post_Files\demBig_0.475.post.msh
demBig_Post_Files\demBig_0.475.post.res
demBig_Post_Files\demBig_0.476.post.msh
demBig_Post_Files\demBig_0.476.post.res
demBig_Post_Files\demBig_0.477.post.msh
demBig_Post_Files\demBig_0.477.post.res
demBig_Post_Files\demBig_0.478.post.msh
demBig_Post_Files\demBig_0.478.post.res
demBig_Post_Files\demBig_0.479.post.msh
demBig_Post_Files\demBig_0.479.post.res
demBig_Post_Files\demBig_0.48.post.msh
demBig_Post_Files\demBig_0.48.post.res
demBig_Post_Files\demBig_0.481.post.msh
demBig_Post_Files\demBig_0.481.post.res
demBig_Post_Files\demBig_0.482.post.msh
demBig_Post_Files\demBig_0.482.post.res
demBig_Post_Files\demBig_0.483.post.msh
demBig_Post_Files\demBig_0.483.post.res
demBig_Post_Files\demBig_0.484.post.msh
demBig_Post_Files\demBig_0.484.post.res
demBig_Post_Files\demBig_0.485.post.msh
demBig_Post_Files\demBig_0.485.post.res
demBig_Post_Files\demBig_0.486.post.msh
demBig_Post_Files\demBig_0.486.post.res
demBig_Post_Files\demBig_0.487.post.msh
demBig_Post_Files\demBig_0.487.post.res
demBig_Post_Files\demBig_0.488.post.msh
demBig_Post_Files\demBig_0.488.post.res
demBig_Post_Files\demBig_0.489.post.msh
demBig_Post_Files\demBig_0.489.post.res
demBig_Post_Files\demBig_0.49.post.msh
demBig_Post_Files\demBig_0.49.post.res
demBig_Post_Files\demBig_0.491.post.msh
demBig_Post_Files\demBig_0.491.post.res
demBig_Post_Files\demBig_0.492.post.msh
demBig_Post_Files\demBig_0.492.post.res
demBig_Post_Files\demBig_0.493.post.msh
demBig_Post_Files\demBig_0.493.post.res
demBig_Post_Files\demBig_0.494.post.msh
demBig_Post_Files\demBig_0.494.post.res
demBig_Post_Files\demBig_0.495.post.msh
demBig_Post_Files\demBig_0.495.post.res
demBig_Post_Files\demBig_0.496.post.msh
demBig_Post_Files\demBig_0.496.post.res
demBig_Post_Files\demBig_0.497.post.msh
demBig_Post_Files\demBig_0.497.post.res
demBig_Post_Files\demBig_0.498.post.msh
demBig_Post_Files\demBig_0.498.post.res
demBig_Post_Files\demBig_0.499.post.msh
demBig_Post_Files\demBig_0.499.post.res
demBig_Post_Files\demBig_0.5.post.msh
demBig_Post_Files\demBig_0.5.post.res
demBig_Post_Files\demBig_0.501.post.msh
demBig_Post_Files\demBig_0.501.post.res
demBig_Post_Files\demBig_0.502.post.msh
demBig_Post_Files\demBig_0.502.post.res
demBig_Post_Files\demBig_0.503.post.msh
demBig_Post_Files\demBig_0.503.post.res
demBig_Post_Files\demBig_0.504.post.msh
demBig_Post_Files\demBig_0.504.post.res
demBig_Post_Files\demBig_0.505.post.msh
demBig_Post_Files\demBig_0.505.post.res
demBig_Post_Files\demBig_0.506.post.msh
demBig_Post_Files\demBig_0.506.post.res
demBig_Post_Files\demBig_0.507.post.msh
demBig_Post_Files\demBig_0.507.post.res
demBig_Post_Files\demBig_0.508.post.msh
demBig_Post_Files\demBig_0.508.post.res
demBig_Post_Files\demBig_0.509.post.msh
demBig_Post_Files\demBig_0.509.post.res
demBig_Post_Files\demBig_0.51.post.msh
demBig_Post_Files\demBig_0.51.post.res
demBig_Post_Files\demBig_0.511.post.msh
demBig_Post_Files\demBig_0.511.post.res
demBig_Post_Files\demBig_0.512.post.msh
demBig_Post_Files\demBig_0.512.post.res
demBig_Post_Files\demBig_0.513.post.msh
demBig_Post_Files\demBig_0.513.post.res
demBig_Post_Files\demBig_0.514.post.msh
demBig_Post_Files\demBig_0.514.post.res
demBig_Post_Files\demBig_0.515.post.msh
demBig_Post_Files\demBig_0.515.post.res
demBig_Post_Files\demBig_0.516.post.msh
demBig_Post_Files\demBig_0.516.post.res
demBig_Post_Files\demBig_0.517.post.msh
demBig_Post_Files\demBig_0.517.post.res
demBig_Post_Files\demBig_0.518.post.msh
demBig_Post_Files\demBig_0.518.post.res
demBig_Post_Files\demBig_0.519.post.msh
demBig_Post_Files\demBig_0.519.post.res
demBig_Post_Files\demBig_0.52.post.msh
demBig_Post_Files\demBig_0.52.post.res
demBig_Post_Files\demBig_0.521.post.msh
demBig_Post_Files\demBig_0.521.post.res
demBig_Post_Files\demBig_0.522.post.msh
demBig_Post_Files\demBig_0.522.post.res
demBig_Post_Files\demBig_0.523.post.msh
demBig_Post_Files\demBig_0.523.post.res
demBig_Post_Files\demBig_0.524.post.msh
demBig_Post_Files\demBig_0.524.post.res
demBig_Post_Files\demBig_0.525.post.msh
demBig_Post_Files\demBig_0.525.post.res
demBig_Post_Files\demBig_0.526.post.msh
demBig_Post_Files\demBig_0.526.post.res
demBig_Post_Files\demBig_0.527.post.msh
demBig_Post_Files\demBig_0.527.post.res
demBig_Post_Files\demBig_0.528.post.msh
demBig_Post_Files\demBig_0.528.post.res
demBig_Post_Files\demBig_0.529.post.msh
demBig_Post_Files\demBig_0.529.post.res
demBig_Post_Files\demBig_0.53.post.msh
demBig_Post_Files\demBig_0.53.post.res
demBig_Post_Files\demBig_0.531.post.msh
demBig_Post_Files\demBig_0.531.post.res
